[      38ms] [WARNING] cdn.tailwindcss.com should not be used in production. To use Tailwind CSS in production, install it as a PostCSS plugin or use the Tailwind CLI: https://tailwindcss.com/docs/installation @ https://cdn.tailwindcss.com/:63
[     186ms] [LOG] %c[RoadRules Admin] Direct Google Drive control enabled. Use window.RoadRulesAdmin.* color:#f59e0b @ http://localhost:8765/auth.js:611
[     201ms] [LOG] %c[RoadRules] Clean questions bank loaded. Total: 399 color:#10b981 @ http://localhost:8765/questions.js:2409
[     204ms] [LOG] %c[RoadRules] Google Drive auth driver active (same as your reference) color:#64748b @ http://localhost:8765/auth.js:495
[     240ms] [VERBOSE] [DOM] Input elements should have autocomplete attributes (suggested: "current-password"): (More info: https://goo.gl/9p2vKq) %o @ http://localhost:8765/ibibazo.html?nocache=debug1:0
[     241ms] [VERBOSE] [DOM] Input elements should have autocomplete attributes (suggested: "current-password"): (More info: https://goo.gl/9p2vKq) %o @ http://localhost:8765/ibibazo.html?nocache=debug1:0
[     292ms] [LOG] %c[Ibibazo] Question browser ready. Total: 399 color:#10b981 @ http://localhost:8765/ibibazo.html?nocache=debug1:349
[     859ms] [ERROR] Failed to load resource: the server responded with a status of 404 (File not found) @ http://localhost:8765/signs/19.jpg:0
[     859ms] [ERROR] Failed to load resource: the server responded with a status of 404 (File not found) @ http://localhost:8765/signs/339.jpg:0
[     860ms] [ERROR] Failed to load resource: the server responded with a status of 404 (File not found) @ http://localhost:8765/signs/115.jpg:0
[     861ms] [ERROR] Failed to load resource: the server responded with a status of 404 (File not found) @ http://localhost:8765/signs/298.jpg:0
[     862ms] [ERROR] Failed to load resource: the server responded with a status of 404 (File not found) @ http://localhost:8765/signs/127.jpg:0
[     862ms] [ERROR] Failed to load resource: the server responded with a status of 404 (File not found) @ http://localhost:8765/signs/43.jpg:0
[     864ms] [ERROR] Failed to load resource: the server responded with a status of 404 (File not found) @ http://localhost:8765/signs/383.jpg:0
[     865ms] [ERROR] Failed to load resource: the server responded with a status of 404 (File not found) @ http://localhost:8765/signs/17.jpg:0
[     865ms] [ERROR] Failed to load resource: the server responded with a status of 404 (File not found) @ http://localhost:8765/signs/299.jpg:0
[     866ms] [ERROR] Failed to load resource: the server responded with a status of 404 (File not found) @ http://localhost:8765/signs/175.jpg:0
[    1932ms] [ERROR] Failed to load resource: the server responded with a status of 404 (File not found) @ http://localhost:8765/signs/114.jpg:0
[    1932ms] [ERROR] Failed to load resource: the server responded with a status of 404 (File not found) @ http://localhost:8765/signs/338.jpg:0
[    1933ms] [ERROR] Failed to load resource: the server responded with a status of 404 (File not found) @ http://localhost:8765/signs/138.jpg:0
[    1934ms] [ERROR] Failed to load resource: the server responded with a status of 404 (File not found) @ http://localhost:8765/signs/265.jpg:0
[    1934ms] [ERROR] Failed to load resource: the server responded with a status of 404 (File not found) @ http://localhost:8765/signs/271.jpg:0
[    1935ms] [ERROR] Failed to load resource: the server responded with a status of 404 (File not found) @ http://localhost:8765/signs/118.jpg:0
[    1935ms] [ERROR] Failed to load resource: the server responded with a status of 404 (File not found) @ http://localhost:8765/signs/289.jpg:0
[    1936ms] [ERROR] Failed to load resource: the server responded with a status of 404 (File not found) @ http://localhost:8765/signs/123.jpg:0
[    2111ms] [ERROR] Failed to load resource: the server responded with a status of 404 (File not found) @ http://localhost:8765/signs/276.jpg:0
[    2113ms] [ERROR] Failed to load resource: the server responded with a status of 404 (File not found) @ http://localhost:8765/signs/1.jpg:0
[    2114ms] [ERROR] Failed to load resource: the server responded with a status of 404 (File not found) @ http://localhost:8765/signs/232.jpg:0
[    2115ms] [ERROR] Failed to load resource: the server responded with a status of 404 (File not found) @ http://localhost:8765/signs/134.jpg:0
[    2275ms] [ERROR] Failed to load resource: the server responded with a status of 404 (File not found) @ http://localhost:8765/signs/57.jpg:0
[    2276ms] [ERROR] Failed to load resource: the server responded with a status of 404 (File not found) @ http://localhost:8765/signs/371.jpg:0
[    2276ms] [ERROR] Failed to load resource: the server responded with a status of 404 (File not found) @ http://localhost:8765/signs/124.jpg:0
[    3045ms] [ERROR] Failed to load resource: the server responded with a status of 404 (File not found) @ http://localhost:8765/signs/366.jpg:0
[    3046ms] [ERROR] Failed to load resource: the server responded with a status of 404 (File not found) @ http://localhost:8765/signs/2.jpg:0
[    3046ms] [ERROR] Failed to load resource: the server responded with a status of 404 (File not found) @ http://localhost:8765/signs/108.jpg:0
[    3235ms] [ERROR] Failed to load resource: the server responded with a status of 404 (File not found) @ http://localhost:8765/signs/105.jpg:0
[    3236ms] [ERROR] Failed to load resource: the server responded with a status of 404 (File not found) @ http://localhost:8765/signs/376.jpg:0
[    3237ms] [ERROR] Failed to load resource: the server responded with a status of 404 (File not found) @ http://localhost:8765/signs/350.jpg:0
[    3237ms] [ERROR] Failed to load resource: the server responded with a status of 404 (File not found) @ http://localhost:8765/signs/39.jpg:0
[    3474ms] [ERROR] Failed to load resource: the server responded with a status of 404 (File not found) @ http://localhost:8765/signs/352.jpg:0
[    3475ms] [ERROR] Failed to load resource: the server responded with a status of 404 (File not found) @ http://localhost:8765/signs/353.jpg:0
[    3476ms] [ERROR] Failed to load resource: the server responded with a status of 404 (File not found) @ http://localhost:8765/signs/130.jpg:0
[    3477ms] [ERROR] Failed to load resource: the server responded with a status of 404 (File not found) @ http://localhost:8765/signs/139.jpg:0
[    3644ms] [ERROR] Failed to load resource: the server responded with a status of 404 (File not found) @ http://localhost:8765/signs/120.jpg:0
[    3646ms] [ERROR] Failed to load resource: the server responded with a status of 404 (File not found) @ http://localhost:8765/signs/27.jpg:0
[    3647ms] [ERROR] Failed to load resource: the server responded with a status of 404 (File not found) @ http://localhost:8765/signs/8.jpg:0
[    3649ms] [ERROR] Failed to load resource: the server responded with a status of 404 (File not found) @ http://localhost:8765/signs/373.jpg:0
[    3957ms] [ERROR] Failed to load resource: the server responded with a status of 404 (File not found) @ http://localhost:8765/signs/364.jpg:0
[    3958ms] [ERROR] Failed to load resource: the server responded with a status of 404 (File not found) @ http://localhost:8765/signs/102.jpg:0
[    3959ms] [ERROR] Failed to load resource: the server responded with a status of 404 (File not found) @ http://localhost:8765/signs/341.jpg:0
[    3959ms] [ERROR] Failed to load resource: the server responded with a status of 404 (File not found) @ http://localhost:8765/signs/337.jpg:0
[    3960ms] [ERROR] Failed to load resource: the server responded with a status of 404 (File not found) @ http://localhost:8765/signs/260.jpg:0
[    4128ms] [ERROR] Failed to load resource: the server responded with a status of 404 (File not found) @ http://localhost:8765/signs/15.jpg:0
[    4129ms] [ERROR] Failed to load resource: the server responded with a status of 404 (File not found) @ http://localhost:8765/signs/181.jpg:0
[    4129ms] [ERROR] Failed to load resource: the server responded with a status of 404 (File not found) @ http://localhost:8765/signs/31.jpg:0
[    4212ms] [ERROR] Failed to load resource: the server responded with a status of 404 (File not found) @ http://localhost:8765/signs/382.jpg:0
[    4212ms] [ERROR] Failed to load resource: the server responded with a status of 404 (File not found) @ http://localhost:8765/signs/119.jpg:0
[    4300ms] [ERROR] Failed to load resource: the server responded with a status of 404 (File not found) @ http://localhost:8765/signs/21.jpg:0
[    4395ms] [ERROR] Failed to load resource: the server responded with a status of 404 (File not found) @ http://localhost:8765/signs/128.jpg:0
[    4592ms] [ERROR] Failed to load resource: the server responded with a status of 404 (File not found) @ http://localhost:8765/signs/49.jpg:0
[    4594ms] [ERROR] Failed to load resource: the server responded with a status of 404 (File not found) @ http://localhost:8765/signs/50.jpg:0
[    5053ms] [ERROR] Failed to load resource: the server responded with a status of 404 (File not found) @ http://localhost:8765/signs/295.jpg:0
[    5054ms] [ERROR] Failed to load resource: the server responded with a status of 404 (File not found) @ http://localhost:8765/signs/263.jpg:0
[    5055ms] [ERROR] Failed to load resource: the server responded with a status of 404 (File not found) @ http://localhost:8765/signs/233.jpg:0
[    5055ms] [ERROR] Failed to load resource: the server responded with a status of 404 (File not found) @ http://localhost:8765/signs/38.jpg:0
[    5437ms] [ERROR] Failed to load resource: the server responded with a status of 404 (File not found) @ http://localhost:8765/signs/59.jpg:0
[    5437ms] [ERROR] Failed to load resource: the server responded with a status of 404 (File not found) @ http://localhost:8765/signs/90.jpg:0
[    5438ms] [ERROR] Failed to load resource: the server responded with a status of 404 (File not found) @ http://localhost:8765/signs/173.jpg:0
[    5905ms] [ERROR] Failed to load resource: the server responded with a status of 404 (File not found) @ http://localhost:8765/signs/133.jpg:0
[    5906ms] [ERROR] Failed to load resource: the server responded with a status of 404 (File not found) @ http://localhost:8765/signs/85.jpg:0
[    5907ms] [ERROR] Failed to load resource: the server responded with a status of 404 (File not found) @ http://localhost:8765/signs/418.jpg:0
[    6062ms] [ERROR] Failed to load resource: the server responded with a status of 404 (File not found) @ http://localhost:8765/signs/80.jpg:0
[    6063ms] [ERROR] Failed to load resource: the server responded with a status of 404 (File not found) @ http://localhost:8765/signs/179.jpg:0
[    6064ms] [ERROR] Failed to load resource: the server responded with a status of 404 (File not found) @ http://localhost:8765/signs/101.jpg:0
[    6216ms] [ERROR] Failed to load resource: the server responded with a status of 404 (File not found) @ http://localhost:8765/signs/180.jpg:0
[    6217ms] [ERROR] Failed to load resource: the server responded with a status of 404 (File not found) @ http://localhost:8765/signs/377.jpg:0
[    6217ms] [ERROR] Failed to load resource: the server responded with a status of 404 (File not found) @ http://localhost:8765/signs/60.jpg:0
[    6218ms] [ERROR] Failed to load resource: the server responded with a status of 404 (File not found) @ http://localhost:8765/signs/67.jpg:0
[    6218ms] [ERROR] Failed to load resource: the server responded with a status of 404 (File not found) @ http://localhost:8765/signs/279.jpg:0
[    6552ms] [ERROR] Failed to load resource: the server responded with a status of 404 (File not found) @ http://localhost:8765/signs/136.jpg:0
[    6552ms] [ERROR] Failed to load resource: the server responded with a status of 404 (File not found) @ http://localhost:8765/signs/32.jpg:0
[    6553ms] [ERROR] Failed to load resource: the server responded with a status of 404 (File not found) @ http://localhost:8765/signs/229.jpg:0
[    6553ms] [ERROR] Failed to load resource: the server responded with a status of 404 (File not found) @ http://localhost:8765/signs/122.jpg:0
[    7275ms] [ERROR] Failed to load resource: the server responded with a status of 404 (File not found) @ http://localhost:8765/signs/184.jpg:0
[    7276ms] [ERROR] Failed to load resource: the server responded with a status of 404 (File not found) @ http://localhost:8765/signs/24.jpg:0
[    7276ms] [ERROR] Failed to load resource: the server responded with a status of 404 (File not found) @ http://localhost:8765/signs/47.jpg:0
[    7276ms] [ERROR] Failed to load resource: the server responded with a status of 404 (File not found) @ http://localhost:8765/signs/351.jpg:0
[    7598ms] [ERROR] Failed to load resource: the server responded with a status of 404 (File not found) @ http://localhost:8765/signs/82.jpg:0
[    7600ms] [ERROR] Failed to load resource: the server responded with a status of 404 (File not found) @ http://localhost:8765/signs/81.jpg:0
[    7600ms] [ERROR] Failed to load resource: the server responded with a status of 404 (File not found) @ http://localhost:8765/signs/258.jpg:0
[    7829ms] [ERROR] Failed to load resource: the server responded with a status of 404 (File not found) @ http://localhost:8765/signs/174.jpg:0
[    7829ms] [ERROR] Failed to load resource: the server responded with a status of 404 (File not found) @ http://localhost:8765/signs/112.jpg:0
[    7830ms] [ERROR] Failed to load resource: the server responded with a status of 404 (File not found) @ http://localhost:8765/signs/103.jpg:0
[    7830ms] [ERROR] Failed to load resource: the server responded with a status of 404 (File not found) @ http://localhost:8765/signs/369.jpg:0
[    8073ms] [ERROR] Failed to load resource: the server responded with a status of 404 (File not found) @ http://localhost:8765/signs/348.jpg:0
[    8074ms] [ERROR] Failed to load resource: the server responded with a status of 404 (File not found) @ http://localhost:8765/signs/331.jpg:0
[    8075ms] [ERROR] Failed to load resource: the server responded with a status of 404 (File not found) @ http://localhost:8765/signs/264.jpg:0
[    8328ms] [ERROR] Failed to load resource: the server responded with a status of 404 (File not found) @ http://localhost:8765/signs/116.jpg:0
[    8329ms] [ERROR] Failed to load resource: the server responded with a status of 404 (File not found) @ http://localhost:8765/signs/89.jpg:0
[    8330ms] [ERROR] Failed to load resource: the server responded with a status of 404 (File not found) @ http://localhost:8765/signs/363.jpg:0
[    8574ms] [ERROR] Failed to load resource: the server responded with a status of 404 (File not found) @ http://localhost:8765/signs/96.jpg:0
[    8575ms] [ERROR] Failed to load resource: the server responded with a status of 404 (File not found) @ http://localhost:8765/signs/330.jpg:0
[    8838ms] [ERROR] Failed to load resource: the server responded with a status of 404 (File not found) @ http://localhost:8765/signs/213.jpg:0
[    8973ms] [ERROR] Failed to load resource: the server responded with a status of 404 (File not found) @ http://localhost:8765/signs/343.jpg:0
[    8975ms] [ERROR] Failed to load resource: the server responded with a status of 404 (File not found) @ http://localhost:8765/signs/270.jpg:0
[    8977ms] [ERROR] Failed to load resource: the server responded with a status of 404 (File not found) @ http://localhost:8765/signs/97.jpg:0
[    8977ms] [ERROR] Failed to load resource: the server responded with a status of 404 (File not found) @ http://localhost:8765/signs/293.jpg:0
[    9218ms] [ERROR] Failed to load resource: the server responded with a status of 404 (File not found) @ http://localhost:8765/signs/176.jpg:0
[    9220ms] [ERROR] Failed to load resource: the server responded with a status of 404 (File not found) @ http://localhost:8765/signs/321.jpg:0
[    9220ms] [ERROR] Failed to load resource: the server responded with a status of 404 (File not found) @ http://localhost:8765/signs/126.jpg:0
[    9578ms] [ERROR] Failed to load resource: the server responded with a status of 404 (File not found) @ http://localhost:8765/signs/40.jpg:0
[    9645ms] [ERROR] Failed to load resource: the server responded with a status of 404 (File not found) @ http://localhost:8765/signs/359.jpg:0
[    9645ms] [ERROR] Failed to load resource: the server responded with a status of 404 (File not found) @ http://localhost:8765/signs/367.jpg:0
[    9646ms] [ERROR] Failed to load resource: the server responded with a status of 404 (File not found) @ http://localhost:8765/signs/172.jpg:0
[    9840ms] [ERROR] Failed to load resource: the server responded with a status of 404 (File not found) @ http://localhost:8765/signs/113.jpg:0
[    9842ms] [ERROR] Failed to load resource: the server responded with a status of 404 (File not found) @ http://localhost:8765/signs/107.jpg:0
[    9847ms] [ERROR] Failed to load resource: net::ERR_CONNECTION_RESET @ http://localhost:8765/signs/397.jpg:0
[    9992ms] [ERROR] Failed to load resource: the server responded with a status of 404 (File not found) @ http://localhost:8765/signs/104.jpg:0
[   12259ms] [ERROR] Failed to load resource: net::ERR_CONNECTION_REFUSED @ http://localhost:8765/signs/406.jpg:0
[   12266ms] [ERROR] Failed to load resource: net::ERR_CONNECTION_REFUSED @ http://localhost:8765/signs/301.jpg:0
[   12317ms] [ERROR] Failed to load resource: net::ERR_CONNECTION_REFUSED @ http://localhost:8765/signs/199.jpg:0
[   12320ms] [ERROR] Failed to load resource: net::ERR_CONNECTION_REFUSED @ http://localhost:8765/signs/278.jpg:0
[   12330ms] [ERROR] Failed to load resource: net::ERR_CONNECTION_REFUSED @ http://localhost:8765/signs/25.jpg:0
[   12332ms] [ERROR] Failed to load resource: net::ERR_CONNECTION_REFUSED @ http://localhost:8765/signs/410.jpg:0
[   15262ms] [ERROR] Failed to load resource: net::ERR_CONNECTION_REFUSED @ http://localhost:8765/signs/275.jpg:0
[   15262ms] [ERROR] Failed to load resource: net::ERR_CONNECTION_REFUSED @ http://localhost:8765/signs/225.jpg:0
[   15262ms] [ERROR] Failed to load resource: net::ERR_CONNECTION_REFUSED @ http://localhost:8765/signs/121.jpg:0
[   15262ms] [ERROR] Failed to load resource: net::ERR_CONNECTION_REFUSED @ http://localhost:8765/signs/195.jpg:0
[   15262ms] [ERROR] Failed to load resource: net::ERR_CONNECTION_REFUSED @ http://localhost:8765/signs/209.jpg:0
[   15262ms] [ERROR] Failed to load resource: net::ERR_CONNECTION_REFUSED @ http://localhost:8765/signs/267.jpg:0
[   17115ms] [ERROR] Failed to load resource: net::ERR_CONNECTION_REFUSED @ http://localhost:8765/signs/109.jpg:0
[   17145ms] [ERROR] Failed to load resource: net::ERR_CONNECTION_REFUSED @ http://localhost:8765/signs/217.jpg:0
[   17146ms] [ERROR] Failed to load resource: net::ERR_CONNECTION_REFUSED @ http://localhost:8765/signs/255.jpg:0
[   17146ms] [ERROR] Failed to load resource: net::ERR_CONNECTION_REFUSED @ http://localhost:8765/signs/287.jpg:0
[   17146ms] [ERROR] Failed to load resource: net::ERR_CONNECTION_REFUSED @ http://localhost:8765/signs/268.jpg:0
[   17146ms] [ERROR] Failed to load resource: net::ERR_CONNECTION_REFUSED @ http://localhost:8765/signs/71.jpg:0
[   19488ms] [ERROR] Failed to load resource: net::ERR_CONNECTION_REFUSED @ http://localhost:8765/signs/106.jpg:0
[   19497ms] [ERROR] Failed to load resource: net::ERR_CONNECTION_REFUSED @ http://localhost:8765/signs/306.jpg:0
[   19497ms] [ERROR] Failed to load resource: net::ERR_CONNECTION_REFUSED @ http://localhost:8765/signs/399.jpg:0
[   19497ms] [ERROR] Failed to load resource: net::ERR_CONNECTION_REFUSED @ http://localhost:8765/signs/277.jpg:0
[   19497ms] [ERROR] Failed to load resource: net::ERR_CONNECTION_REFUSED @ http://localhost:8765/signs/269.jpg:0
[   19497ms] [ERROR] Failed to load resource: net::ERR_CONNECTION_REFUSED @ http://localhost:8765/signs/421.jpg:0
[   21816ms] [ERROR] Failed to load resource: net::ERR_CONNECTION_REFUSED @ http://localhost:8765/signs/58.jpg:0
[   21820ms] [ERROR] Failed to load resource: net::ERR_CONNECTION_REFUSED @ http://localhost:8765/signs/262.jpg:0
[   21820ms] [ERROR] Failed to load resource: net::ERR_CONNECTION_REFUSED @ http://localhost:8765/signs/274.jpg:0
[   21820ms] [ERROR] Failed to load resource: net::ERR_CONNECTION_REFUSED @ http://localhost:8765/signs/286.jpg:0
[   21820ms] [ERROR] Failed to load resource: net::ERR_CONNECTION_REFUSED @ http://localhost:8765/signs/171.jpg:0
[   21833ms] [ERROR] Failed to load resource: net::ERR_CONNECTION_REFUSED @ http://localhost:8765/signs/3.jpg:0
[   24182ms] [ERROR] Failed to load resource: net::ERR_CONNECTION_REFUSED @ http://localhost:8765/signs/23.jpg:0
[   24186ms] [ERROR] Failed to load resource: net::ERR_CONNECTION_REFUSED @ http://localhost:8765/signs/68.jpg:0
[   24186ms] [ERROR] Failed to load resource: net::ERR_CONNECTION_REFUSED @ http://localhost:8765/signs/329.jpg:0
[   24187ms] [ERROR] Failed to load resource: net::ERR_CONNECTION_REFUSED @ http://localhost:8765/signs/36.jpg:0
[   24187ms] [ERROR] Failed to load resource: net::ERR_CONNECTION_REFUSED @ http://localhost:8765/signs/334.jpg:0
[   24187ms] [ERROR] Failed to load resource: net::ERR_CONNECTION_REFUSED @ http://localhost:8765/signs/317.jpg:0
[   26525ms] [ERROR] Failed to load resource: net::ERR_CONNECTION_REFUSED @ http://localhost:8765/signs/125.jpg:0
[   26526ms] [ERROR] Failed to load resource: net::ERR_CONNECTION_REFUSED @ http://localhost:8765/signs/215.jpg:0
[   26526ms] [ERROR] Failed to load resource: net::ERR_CONNECTION_REFUSED @ http://localhost:8765/signs/246.jpg:0
[   26526ms] [ERROR] Failed to load resource: net::ERR_CONNECTION_REFUSED @ http://localhost:8765/signs/66.jpg:0
[   26527ms] [ERROR] Failed to load resource: net::ERR_CONNECTION_REFUSED @ http://localhost:8765/signs/391.jpg:0
[   26527ms] [ERROR] Failed to load resource: net::ERR_CONNECTION_REFUSED @ http://localhost:8765/signs/231.jpg:0
[   28845ms] [ERROR] Failed to load resource: net::ERR_CONNECTION_REFUSED @ http://localhost:8765/signs/323.jpg:0
[   28848ms] [ERROR] Failed to load resource: net::ERR_CONNECTION_REFUSED @ http://localhost:8765/signs/193.jpg:0
[   28848ms] [ERROR] Failed to load resource: net::ERR_CONNECTION_REFUSED @ http://localhost:8765/signs/95.jpg:0
[   28860ms] [ERROR] Failed to load resource: net::ERR_CONNECTION_REFUSED @ http://localhost:8765/signs/64.jpg:0
[   28860ms] [ERROR] Failed to load resource: net::ERR_CONNECTION_REFUSED @ http://localhost:8765/signs/335.jpg:0
[   28860ms] [ERROR] Failed to load resource: net::ERR_CONNECTION_REFUSED @ http://localhost:8765/signs/237.jpg:0
[   31177ms] [ERROR] Failed to load resource: net::ERR_CONNECTION_REFUSED @ http://localhost:8765/signs/416.jpg:0
[   31178ms] [ERROR] Failed to load resource: net::ERR_CONNECTION_REFUSED @ http://localhost:8765/signs/290.jpg:0
[   31199ms] [ERROR] Failed to load resource: net::ERR_CONNECTION_REFUSED @ http://localhost:8765/signs/201.jpg:0
[   31200ms] [ERROR] Failed to load resource: net::ERR_CONNECTION_REFUSED @ http://localhost:8765/signs/65.jpg:0
[   31200ms] [ERROR] Failed to load resource: net::ERR_CONNECTION_REFUSED @ http://localhost:8765/signs/129.jpg:0
[   31200ms] [ERROR] Failed to load resource: net::ERR_CONNECTION_REFUSED @ http://localhost:8765/signs/291.jpg:0
[   33549ms] [ERROR] Failed to load resource: net::ERR_CONNECTION_REFUSED @ http://localhost:8765/signs/220.jpg:0
[   33553ms] [ERROR] Failed to load resource: net::ERR_CONNECTION_REFUSED @ http://localhost:8765/signs/34.jpg:0
[   33553ms] [ERROR] Failed to load resource: net::ERR_CONNECTION_REFUSED @ http://localhost:8765/signs/93.jpg:0
[   33553ms] [ERROR] Failed to load resource: net::ERR_CONNECTION_REFUSED @ http://localhost:8765/signs/261.jpg:0
[   33553ms] [ERROR] Failed to load resource: net::ERR_CONNECTION_REFUSED @ http://localhost:8765/signs/228.jpg:0
[   33553ms] [ERROR] Failed to load resource: net::ERR_CONNECTION_REFUSED @ http://localhost:8765/signs/178.jpg:0
[   35881ms] [ERROR] Failed to load resource: net::ERR_CONNECTION_REFUSED @ http://localhost:8765/signs/45.jpg:0
[   35882ms] [ERROR] Failed to load resource: net::ERR_CONNECTION_REFUSED @ http://localhost:8765/signs/53.jpg:0
[   35882ms] [ERROR] Failed to load resource: net::ERR_CONNECTION_REFUSED @ http://localhost:8765/signs/110.jpg:0
[   35882ms] [ERROR] Failed to load resource: net::ERR_CONNECTION_REFUSED @ http://localhost:8765/signs/370.jpg:0
[   35894ms] [ERROR] Failed to load resource: net::ERR_CONNECTION_REFUSED @ http://localhost:8765/signs/241.jpg:0
[   35895ms] [ERROR] Failed to load resource: net::ERR_CONNECTION_REFUSED @ http://localhost:8765/signs/186.jpg:0
[   38221ms] [ERROR] Failed to load resource: net::ERR_CONNECTION_REFUSED @ http://localhost:8765/signs/46.jpg:0
[   38224ms] [ERROR] Failed to load resource: net::ERR_CONNECTION_REFUSED @ http://localhost:8765/signs/205.jpg:0
[   38224ms] [ERROR] Failed to load resource: net::ERR_CONNECTION_REFUSED @ http://localhost:8765/signs/73.jpg:0
[   38224ms] [ERROR] Failed to load resource: net::ERR_CONNECTION_REFUSED @ http://localhost:8765/signs/357.jpg:0
[   38254ms] [ERROR] Failed to load resource: net::ERR_CONNECTION_REFUSED @ http://localhost:8765/signs/131.jpg:0
[   38255ms] [ERROR] Failed to load resource: net::ERR_CONNECTION_REFUSED @ http://localhost:8765/signs/434.jpg:0
[   40567ms] [ERROR] Failed to load resource: net::ERR_CONNECTION_REFUSED @ http://localhost:8765/signs/190.jpg:0
[   40568ms] [ERROR] Failed to load resource: net::ERR_CONNECTION_REFUSED @ http://localhost:8765/signs/197.jpg:0
[   40568ms] [ERROR] Failed to load resource: net::ERR_CONNECTION_REFUSED @ http://localhost:8765/signs/234.jpg:0
[   40569ms] [ERROR] Failed to load resource: net::ERR_CONNECTION_REFUSED @ http://localhost:8765/signs/177.jpg:0
[   40613ms] [ERROR] Failed to load resource: net::ERR_CONNECTION_REFUSED @ http://localhost:8765/signs/412.jpg:0
[   40613ms] [ERROR] Failed to load resource: net::ERR_CONNECTION_REFUSED @ http://localhost:8765/signs/202.jpg:0
[   42936ms] [ERROR] Failed to load resource: net::ERR_CONNECTION_REFUSED @ http://localhost:8765/signs/137.jpg:0
[   42938ms] [ERROR] Failed to load resource: net::ERR_CONNECTION_REFUSED @ http://localhost:8765/signs/414.jpg:0
[   42938ms] [ERROR] Failed to load resource: net::ERR_CONNECTION_REFUSED @ http://localhost:8765/signs/48.jpg:0
[   42938ms] [ERROR] Failed to load resource: net::ERR_CONNECTION_REFUSED @ http://localhost:8765/signs/344.jpg:0
[   42977ms] [ERROR] Failed to load resource: net::ERR_CONNECTION_REFUSED @ http://localhost:8765/signs/417.jpg:0
[   42979ms] [ERROR] Failed to load resource: net::ERR_CONNECTION_REFUSED @ http://localhost:8765/signs/424.jpg:0
[   45284ms] [ERROR] Failed to load resource: net::ERR_CONNECTION_REFUSED @ http://localhost:8765/signs/135.jpg:0
[   45288ms] [ERROR] Failed to load resource: net::ERR_CONNECTION_REFUSED @ http://localhost:8765/signs/430.jpg:0
[   45288ms] [ERROR] Failed to load resource: net::ERR_CONNECTION_REFUSED @ http://localhost:8765/signs/381.jpg:0
[   45288ms] [ERROR] Failed to load resource: net::ERR_CONNECTION_REFUSED @ http://localhost:8765/signs/52.jpg:0
[   45329ms] [ERROR] Failed to load resource: net::ERR_CONNECTION_REFUSED @ http://localhost:8765/signs/188.jpg:0
[   45331ms] [ERROR] Failed to load resource: net::ERR_CONNECTION_REFUSED @ http://localhost:8765/signs/75.jpg:0
[   47629ms] [ERROR] Failed to load resource: net::ERR_CONNECTION_REFUSED @ http://localhost:8765/signs/214.jpg:0
[   47630ms] [ERROR] Failed to load resource: net::ERR_CONNECTION_REFUSED @ http://localhost:8765/signs/238.jpg:0
[   47639ms] [ERROR] Failed to load resource: net::ERR_CONNECTION_REFUSED @ http://localhost:8765/signs/63.jpg:0
[   47640ms] [ERROR] Failed to load resource: net::ERR_CONNECTION_REFUSED @ http://localhost:8765/signs/280.jpg:0
[   47663ms] [ERROR] Failed to load resource: net::ERR_CONNECTION_REFUSED @ http://localhost:8765/signs/283.jpg:0
[   47679ms] [ERROR] Failed to load resource: net::ERR_CONNECTION_REFUSED @ http://localhost:8765/signs/413.jpg:0
[   49955ms] [ERROR] Failed to load resource: net::ERR_CONNECTION_REFUSED @ http://localhost:8765/signs/282.jpg:0
[   49962ms] [ERROR] Failed to load resource: net::ERR_CONNECTION_REFUSED @ http://localhost:8765/signs/342.jpg:0
[   49973ms] [ERROR] Failed to load resource: net::ERR_CONNECTION_REFUSED @ http://localhost:8765/signs/347.jpg:0
[   49974ms] [ERROR] Failed to load resource: net::ERR_CONNECTION_REFUSED @ http://localhost:8765/signs/401.jpg:0
[   49987ms] [ERROR] Failed to load resource: net::ERR_CONNECTION_REFUSED @ http://localhost:8765/signs/33.jpg:0
[   50022ms] [ERROR] Failed to load resource: net::ERR_CONNECTION_REFUSED @ http://localhost:8765/signs/62.jpg:0
[   52293ms] [ERROR] Failed to load resource: net::ERR_CONNECTION_REFUSED @ http://localhost:8765/signs/372.jpg:0
[   52321ms] [ERROR] Failed to load resource: net::ERR_CONNECTION_REFUSED @ http://localhost:8765/signs/384.jpg:0
[   52323ms] [ERROR] Failed to load resource: net::ERR_CONNECTION_REFUSED @ http://localhost:8765/signs/4.jpg:0
[   52323ms] [ERROR] Failed to load resource: net::ERR_CONNECTION_REFUSED @ http://localhost:8765/signs/51.jpg:0
[   52328ms] [ERROR] Failed to load resource: net::ERR_CONNECTION_REFUSED @ http://localhost:8765/signs/250.jpg:0
[   52369ms] [ERROR] Failed to load resource: net::ERR_CONNECTION_REFUSED @ http://localhost:8765/signs/117.jpg:0
[   54643ms] [ERROR] Failed to load resource: net::ERR_CONNECTION_REFUSED @ http://localhost:8765/signs/111.jpg:0
[   54656ms] [ERROR] Failed to load resource: net::ERR_CONNECTION_REFUSED @ http://localhost:8765/signs/326.jpg:0
[   54656ms] [ERROR] Failed to load resource: net::ERR_CONNECTION_REFUSED @ http://localhost:8765/signs/216.jpg:0
[   54657ms] [ERROR] Failed to load resource: net::ERR_CONNECTION_REFUSED @ http://localhost:8765/signs/88.jpg:0
[   54666ms] [ERROR] Failed to load resource: net::ERR_CONNECTION_REFUSED @ http://localhost:8765/signs/183.jpg:0
[   54735ms] [ERROR] Failed to load resource: net::ERR_CONNECTION_REFUSED @ http://localhost:8765/signs/194.jpg:0
[   56976ms] [ERROR] Failed to load resource: net::ERR_CONNECTION_REFUSED @ http://localhost:8765/signs/196.jpg:0
[   57007ms] [ERROR] Failed to load resource: net::ERR_CONNECTION_REFUSED @ http://localhost:8765/signs/272.jpg:0
[   57008ms] [ERROR] Failed to load resource: net::ERR_CONNECTION_REFUSED @ http://localhost:8765/signs/187.jpg:0
[   57008ms] [ERROR] Failed to load resource: net::ERR_CONNECTION_REFUSED @ http://localhost:8765/signs/218.jpg:0
[   57008ms] [ERROR] Failed to load resource: net::ERR_CONNECTION_REFUSED @ http://localhost:8765/signs/318.jpg:0
[   57056ms] [ERROR] Failed to load resource: net::ERR_CONNECTION_REFUSED @ http://localhost:8765/signs/285.jpg:0
[   59311ms] [ERROR] Failed to load resource: net::ERR_CONNECTION_REFUSED @ http://localhost:8765/signs/198.jpg:0
[   59337ms] [ERROR] Failed to load resource: net::ERR_CONNECTION_REFUSED @ http://localhost:8765/signs/365.jpg:0
[   59337ms] [ERROR] Failed to load resource: net::ERR_CONNECTION_REFUSED @ http://localhost:8765/signs/203.jpg:0
[   59362ms] [ERROR] Failed to load resource: net::ERR_CONNECTION_REFUSED @ http://localhost:8765/signs/5.jpg:0
[   59362ms] [ERROR] Failed to load resource: net::ERR_CONNECTION_REFUSED @ http://localhost:8765/signs/433.jpg:0
[   59386ms] [ERROR] Failed to load resource: net::ERR_CONNECTION_REFUSED @ http://localhost:8765/signs/22.jpg:0
[   61644ms] [ERROR] Failed to load resource: net::ERR_CONNECTION_REFUSED @ http://localhost:8765/signs/320.jpg:0
[   61684ms] [ERROR] Failed to load resource: net::ERR_CONNECTION_REFUSED @ http://localhost:8765/signs/6.jpg:0
[   61686ms] [ERROR] Failed to load resource: net::ERR_CONNECTION_REFUSED @ http://localhost:8765/signs/309.jpg:0
[   61729ms] [ERROR] Failed to load resource: net::ERR_CONNECTION_REFUSED @ http://localhost:8765/signs/94.jpg:0
[   61732ms] [ERROR] Failed to load resource: net::ERR_CONNECTION_REFUSED @ http://localhost:8765/signs/79.jpg:0
[   61736ms] [ERROR] Failed to load resource: net::ERR_CONNECTION_REFUSED @ http://localhost:8765/signs/409.jpg:0
[   63994ms] [ERROR] Failed to load resource: net::ERR_CONNECTION_REFUSED @ http://localhost:8765/signs/375.jpg:0
[   64023ms] [ERROR] Failed to load resource: net::ERR_CONNECTION_REFUSED @ http://localhost:8765/signs/12.jpg:0
[   64023ms] [ERROR] Failed to load resource: net::ERR_CONNECTION_REFUSED @ http://localhost:8765/signs/248.jpg:0
[   64083ms] [ERROR] Failed to load resource: net::ERR_CONNECTION_REFUSED @ http://localhost:8765/signs/13.jpg:0
[   64084ms] [ERROR] Failed to load resource: net::ERR_CONNECTION_REFUSED @ http://localhost:8765/signs/349.jpg:0
[   64084ms] [ERROR] Failed to load resource: net::ERR_CONNECTION_REFUSED @ http://localhost:8765/signs/325.jpg:0
[   66330ms] [ERROR] Failed to load resource: net::ERR_CONNECTION_REFUSED @ http://localhost:8765/signs/91.jpg:0
[   66381ms] [ERROR] Failed to load resource: net::ERR_CONNECTION_REFUSED @ http://localhost:8765/signs/358.jpg:0
[   66381ms] [ERROR] Failed to load resource: net::ERR_CONNECTION_REFUSED @ http://localhost:8765/signs/35.jpg:0
[   66434ms] [ERROR] Failed to load resource: net::ERR_CONNECTION_REFUSED @ http://localhost:8765/signs/294.jpg:0
[   66435ms] [ERROR] Failed to load resource: net::ERR_CONNECTION_REFUSED @ http://localhost:8765/signs/354.jpg:0
[   66435ms] [ERROR] Failed to load resource: net::ERR_CONNECTION_REFUSED @ http://localhost:8765/signs/336.jpg:0
[   68672ms] [ERROR] Failed to load resource: net::ERR_CONNECTION_REFUSED @ http://localhost:8765/signs/240.jpg:0
[   68726ms] [ERROR] Failed to load resource: net::ERR_CONNECTION_REFUSED @ http://localhost:8765/signs/402.jpg:0
[   68727ms] [ERROR] Failed to load resource: net::ERR_CONNECTION_REFUSED @ http://localhost:8765/signs/61.jpg:0
[   68781ms] [ERROR] Failed to load resource: net::ERR_CONNECTION_REFUSED @ http://localhost:8765/signs/10.jpg:0
[   68782ms] [ERROR] Failed to load resource: net::ERR_CONNECTION_REFUSED @ http://localhost:8765/signs/252.jpg:0
[   68782ms] [ERROR] Failed to load resource: net::ERR_CONNECTION_REFUSED @ http://localhost:8765/signs/100.jpg:0
[   71011ms] [ERROR] Failed to load resource: net::ERR_CONNECTION_REFUSED @ http://localhost:8765/signs/328.jpg:0
[   71059ms] [ERROR] Failed to load resource: net::ERR_CONNECTION_REFUSED @ http://localhost:8765/signs/29.jpg:0
[   71061ms] [ERROR] Failed to load resource: net::ERR_CONNECTION_REFUSED @ http://localhost:8765/signs/368.jpg:0
[   71128ms] [ERROR] Failed to load resource: net::ERR_CONNECTION_REFUSED @ http://localhost:8765/signs/14.jpg:0
[   71130ms] [ERROR] Failed to load resource: net::ERR_CONNECTION_REFUSED @ http://localhost:8765/signs/415.jpg:0
[   71130ms] [ERROR] Failed to load resource: net::ERR_CONNECTION_REFUSED @ http://localhost:8765/signs/253.jpg:0
[   73355ms] [ERROR] Failed to load resource: net::ERR_CONNECTION_REFUSED @ http://localhost:8765/signs/69.jpg:0
[   73382ms] [ERROR] Failed to load resource: net::ERR_CONNECTION_REFUSED @ http://localhost:8765/signs/41.jpg:0
[   73382ms] [ERROR] Failed to load resource: net::ERR_CONNECTION_REFUSED @ http://localhost:8765/signs/44.jpg:0
[   73458ms] [ERROR] Failed to load resource: net::ERR_CONNECTION_REFUSED @ http://localhost:8765/signs/388.jpg:0
[   73459ms] [ERROR] Failed to load resource: net::ERR_CONNECTION_REFUSED @ http://localhost:8765/signs/273.jpg:0
[   73460ms] [ERROR] Failed to load resource: net::ERR_CONNECTION_REFUSED @ http://localhost:8765/signs/297.jpg:0
[   75703ms] [ERROR] Failed to load resource: net::ERR_CONNECTION_REFUSED @ http://localhost:8765/signs/87.jpg:0
[   75750ms] [ERROR] Failed to load resource: net::ERR_CONNECTION_REFUSED @ http://localhost:8765/signs/86.jpg:0
[   75750ms] [ERROR] Failed to load resource: net::ERR_CONNECTION_REFUSED @ http://localhost:8765/signs/408.jpg:0
[   75807ms] [ERROR] Failed to load resource: net::ERR_CONNECTION_REFUSED @ http://localhost:8765/signs/18.jpg:0
[   75808ms] [ERROR] Failed to load resource: net::ERR_CONNECTION_REFUSED @ http://localhost:8765/signs/385.jpg:0
[   75809ms] [ERROR] Failed to load resource: net::ERR_CONNECTION_REFUSED @ http://localhost:8765/signs/9.jpg:0
[   78032ms] [ERROR] Failed to load resource: net::ERR_CONNECTION_REFUSED @ http://localhost:8765/signs/405.jpg:0
[   78109ms] [ERROR] Failed to load resource: net::ERR_CONNECTION_REFUSED @ http://localhost:8765/signs/362.jpg:0
[   78109ms] [ERROR] Failed to load resource: net::ERR_CONNECTION_REFUSED @ http://localhost:8765/signs/77.jpg:0
[   78152ms] [ERROR] Failed to load resource: net::ERR_CONNECTION_REFUSED @ http://localhost:8765/signs/30.jpg:0
[   78167ms] [ERROR] Failed to load resource: net::ERR_CONNECTION_REFUSED @ http://localhost:8765/signs/296.jpg:0
[   78169ms] [ERROR] Failed to load resource: net::ERR_CONNECTION_REFUSED @ http://localhost:8765/signs/404.jpg:0
[   80367ms] [ERROR] Failed to load resource: net::ERR_CONNECTION_REFUSED @ http://localhost:8765/signs/98.jpg:0
[   80447ms] [ERROR] Failed to load resource: net::ERR_CONNECTION_REFUSED @ http://localhost:8765/signs/355.jpg:0
[   80475ms] [ERROR] Failed to load resource: net::ERR_CONNECTION_REFUSED @ http://localhost:8765/signs/386.jpg:0
[   80516ms] [ERROR] Failed to load resource: net::ERR_CONNECTION_REFUSED @ http://localhost:8765/signs/37.jpg:0
[   80531ms] [ERROR] Failed to load resource: net::ERR_CONNECTION_REFUSED @ http://localhost:8765/signs/314.jpg:0
[   80532ms] [ERROR] Failed to load resource: net::ERR_CONNECTION_REFUSED @ http://localhost:8765/signs/92.jpg:0
[   82724ms] [ERROR] Failed to load resource: net::ERR_CONNECTION_REFUSED @ http://localhost:8765/signs/322.jpg:0
[   82778ms] [ERROR] Failed to load resource: net::ERR_CONNECTION_REFUSED @ http://localhost:8765/signs/420.jpg:0
[   82806ms] [ERROR] Failed to load resource: net::ERR_CONNECTION_REFUSED @ http://localhost:8765/signs/28.jpg:0
[   82881ms] [ERROR] Failed to load resource: net::ERR_CONNECTION_REFUSED @ http://localhost:8765/signs/78.jpg:0
[   82883ms] [ERROR] Failed to load resource: net::ERR_CONNECTION_REFUSED @ http://localhost:8765/signs/379.jpg:0
[   82884ms] [ERROR] Failed to load resource: net::ERR_CONNECTION_REFUSED @ http://localhost:8765/signs/395.jpg:0
[   85084ms] [ERROR] Failed to load resource: net::ERR_CONNECTION_REFUSED @ http://localhost:8765/signs/16.jpg:0
[   85127ms] [ERROR] Failed to load resource: net::ERR_CONNECTION_REFUSED @ http://localhost:8765/signs/345.jpg:0
[   85143ms] [ERROR] Failed to load resource: net::ERR_CONNECTION_REFUSED @ http://localhost:8765/signs/319.jpg:0
[   85226ms] [ERROR] Failed to load resource: net::ERR_CONNECTION_REFUSED @ http://localhost:8765/signs/99.jpg:0
[   85227ms] [ERROR] Failed to load resource: net::ERR_CONNECTION_REFUSED @ http://localhost:8765/signs/208.jpg:0
[   85227ms] [ERROR] Failed to load resource: net::ERR_CONNECTION_REFUSED @ http://localhost:8765/signs/26.jpg:0
[   87413ms] [ERROR] Failed to load resource: net::ERR_CONNECTION_REFUSED @ http://localhost:8765/signs/219.jpg:0
[   87474ms] [ERROR] Failed to load resource: net::ERR_CONNECTION_REFUSED @ http://localhost:8765/signs/332.jpg:0
[   87522ms] [ERROR] Failed to load resource: net::ERR_CONNECTION_REFUSED @ http://localhost:8765/signs/300.jpg:0
[   87560ms] [ERROR] Failed to load resource: net::ERR_CONNECTION_REFUSED @ http://localhost:8765/signs/11.jpg:0
[   87561ms] [ERROR] Failed to load resource: net::ERR_CONNECTION_REFUSED @ http://localhost:8765/signs/54.jpg:0
[   87561ms] [ERROR] Failed to load resource: net::ERR_CONNECTION_REFUSED @ http://localhost:8765/signs/403.jpg:0
[   89776ms] [ERROR] Failed to load resource: net::ERR_CONNECTION_REFUSED @ http://localhost:8765/signs/411.jpg:0
[   89805ms] [ERROR] Failed to load resource: net::ERR_CONNECTION_REFUSED @ http://localhost:8765/signs/356.jpg:0
[   89849ms] [ERROR] Failed to load resource: net::ERR_CONNECTION_REFUSED @ http://localhost:8765/signs/227.jpg:0
[   89892ms] [ERROR] Failed to load resource: net::ERR_CONNECTION_REFUSED @ http://localhost:8765/signs/182.jpg:0
[   89894ms] [ERROR] Failed to load resource: net::ERR_CONNECTION_REFUSED @ http://localhost:8765/signs/302.jpg:0
[   89895ms] [ERROR] Failed to load resource: net::ERR_CONNECTION_REFUSED @ http://localhost:8765/signs/200.jpg:0
[   92126ms] [ERROR] Failed to load resource: net::ERR_CONNECTION_REFUSED @ http://localhost:8765/signs/303.jpg:0
[   92154ms] [ERROR] Failed to load resource: net::ERR_CONNECTION_REFUSED @ http://localhost:8765/signs/305.jpg:0
[   92202ms] [ERROR] Failed to load resource: net::ERR_CONNECTION_REFUSED @ http://localhost:8765/signs/428.jpg:0
[   92218ms] [ERROR] Failed to load resource: net::ERR_CONNECTION_REFUSED @ http://localhost:8765/signs/346.jpg:0
[   92220ms] [ERROR] Failed to load resource: net::ERR_CONNECTION_REFUSED @ http://localhost:8765/signs/313.jpg:0
[   92220ms] [ERROR] Failed to load resource: net::ERR_CONNECTION_REFUSED @ http://localhost:8765/signs/83.jpg:0
[   94464ms] [ERROR] Failed to load resource: net::ERR_CONNECTION_REFUSED @ http://localhost:8765/signs/374.jpg:0
[   94503ms] [ERROR] Failed to load resource: net::ERR_CONNECTION_REFUSED @ http://localhost:8765/signs/333.jpg:0
[   94555ms] [ERROR] Failed to load resource: net::ERR_CONNECTION_REFUSED @ http://localhost:8765/signs/292.jpg:0
[   94556ms] [ERROR] Failed to load resource: net::ERR_CONNECTION_REFUSED @ http://localhost:8765/signs/308.jpg:0
[   94557ms] [ERROR] Failed to load resource: net::ERR_CONNECTION_REFUSED @ http://localhost:8765/signs/7.jpg:0
[   94557ms] [ERROR] Failed to load resource: net::ERR_CONNECTION_REFUSED @ http://localhost:8765/signs/74.jpg:0
[   96799ms] [ERROR] Failed to load resource: net::ERR_CONNECTION_REFUSED @ http://localhost:8765/signs/423.jpg:0
[   96849ms] [ERROR] Failed to load resource: net::ERR_CONNECTION_REFUSED @ http://localhost:8765/signs/327.jpg:0
[   96895ms] [ERROR] Failed to load resource: net::ERR_CONNECTION_REFUSED @ http://localhost:8765/signs/20.jpg:0
[   96896ms] [ERROR] Failed to load resource: net::ERR_CONNECTION_REFUSED @ http://localhost:8765/signs/70.jpg:0
[   96896ms] [ERROR] Failed to load resource: net::ERR_CONNECTION_REFUSED @ http://localhost:8765/signs/400.jpg:0
[   96897ms] [ERROR] Failed to load resource: net::ERR_CONNECTION_REFUSED @ http://localhost:8765/signs/419.jpg:0
[   99142ms] [ERROR] Failed to load resource: net::ERR_CONNECTION_REFUSED @ http://localhost:8765/signs/312.jpg:0
[   99188ms] [ERROR] Failed to load resource: net::ERR_CONNECTION_REFUSED @ http://localhost:8765/signs/407.jpg:0
[   99234ms] [ERROR] Failed to load resource: net::ERR_CONNECTION_REFUSED @ http://localhost:8765/signs/42.jpg:0
[   99235ms] [ERROR] Failed to load resource: net::ERR_CONNECTION_REFUSED @ http://localhost:8765/signs/360.jpg:0
[   99235ms] [ERROR] Failed to load resource: net::ERR_CONNECTION_REFUSED @ http://localhost:8765/signs/429.jpg:0
[   99245ms] [ERROR] Failed to load resource: net::ERR_CONNECTION_REFUSED @ http://localhost:8765/signs/84.jpg:0
[  101489ms] [ERROR] Failed to load resource: net::ERR_CONNECTION_REFUSED @ http://localhost:8765/signs/425.jpg:0
[  101527ms] [ERROR] Failed to load resource: net::ERR_CONNECTION_REFUSED @ http://localhost:8765/signs/55.jpg:0
[  101563ms] [ERROR] Failed to load resource: net::ERR_CONNECTION_REFUSED @ http://localhost:8765/signs/361.jpg:0
[  101565ms] [ERROR] Failed to load resource: net::ERR_CONNECTION_REFUSED @ http://localhost:8765/signs/378.jpg:0
[  101587ms] [ERROR] Failed to load resource: net::ERR_CONNECTION_REFUSED @ http://localhost:8765/signs/396.jpg:0
[  101588ms] [ERROR] Failed to load resource: net::ERR_CONNECTION_REFUSED @ http://localhost:8765/signs/380.jpg:0
[  103856ms] [ERROR] Failed to load resource: net::ERR_CONNECTION_REFUSED @ http://localhost:8765/signs/426.jpg:0
[  103895ms] [ERROR] Failed to load resource: net::ERR_CONNECTION_REFUSED @ http://localhost:8765/signs/56.jpg:0
[  103897ms] [ERROR] Failed to load resource: net::ERR_CONNECTION_REFUSED @ http://localhost:8765/signs/223.jpg:0
[  103938ms] [ERROR] Failed to load resource: net::ERR_CONNECTION_REFUSED @ http://localhost:8765/signs/247.jpg:0
[  103940ms] [ERROR] Failed to load resource: net::ERR_CONNECTION_REFUSED @ http://localhost:8765/signs/76.jpg:0
[  103940ms] [ERROR] Failed to load resource: net::ERR_CONNECTION_REFUSED @ http://localhost:8765/signs/185.jpg:0
[  106197ms] [ERROR] Failed to load resource: net::ERR_CONNECTION_REFUSED @ http://localhost:8765/signs/212.jpg:0
[  106239ms] [ERROR] Failed to load resource: net::ERR_CONNECTION_REFUSED @ http://localhost:8765/signs/192.jpg:0
[  106240ms] [ERROR] Failed to load resource: net::ERR_CONNECTION_REFUSED @ http://localhost:8765/signs/206.jpg:0
[  106276ms] [ERROR] Failed to load resource: net::ERR_CONNECTION_REFUSED @ http://localhost:8765/signs/189.jpg:0
[  106277ms] [ERROR] Failed to load resource: net::ERR_CONNECTION_REFUSED @ http://localhost:8765/signs/230.jpg:0
[  106278ms] [ERROR] Failed to load resource: net::ERR_CONNECTION_REFUSED @ http://localhost:8765/signs/211.jpg:0
[  108554ms] [ERROR] Failed to load resource: net::ERR_CONNECTION_REFUSED @ http://localhost:8765/signs/204.jpg:0
[  108581ms] [ERROR] Failed to load resource: net::ERR_CONNECTION_REFUSED @ http://localhost:8765/signs/207.jpg:0
[  108582ms] [ERROR] Failed to load resource: net::ERR_CONNECTION_REFUSED @ http://localhost:8765/signs/210.jpg:0
[  108640ms] [ERROR] Failed to load resource: net::ERR_CONNECTION_REFUSED @ http://localhost:8765/signs/132.jpg:0
[  108642ms] [ERROR] Failed to load resource: net::ERR_CONNECTION_REFUSED @ http://localhost:8765/signs/191.jpg:0
[  108643ms] [ERROR] Failed to load resource: net::ERR_CONNECTION_REFUSED @ http://localhost:8765/signs/72.jpg:0
[  110893ms] [ERROR] Failed to load resource: net::ERR_CONNECTION_REFUSED @ http://localhost:8765/signs/19.png:0
[  110935ms] [ERROR] Failed to load resource: net::ERR_CONNECTION_REFUSED @ http://localhost:8765/signs/339.png:0
[  110936ms] [ERROR] Failed to load resource: net::ERR_CONNECTION_REFUSED @ http://localhost:8765/signs/115.png:0
[  111004ms] [ERROR] Failed to load resource: net::ERR_CONNECTION_REFUSED @ http://localhost:8765/signs/298.png:0
[  111005ms] [ERROR] Failed to load resource: net::ERR_CONNECTION_REFUSED @ http://localhost:8765/signs/127.png:0
[  111005ms] [ERROR] Failed to load resource: net::ERR_CONNECTION_REFUSED @ http://localhost:8765/signs/43.png:0
[  113247ms] [ERROR] Failed to load resource: net::ERR_CONNECTION_REFUSED @ http://localhost:8765/signs/383.png:0
[  113308ms] [ERROR] Failed to load resource: net::ERR_CONNECTION_REFUSED @ http://localhost:8765/signs/17.png:0
[  113309ms] [ERROR] Failed to load resource: net::ERR_CONNECTION_REFUSED @ http://localhost:8765/signs/299.png:0
[  113365ms] [ERROR] Failed to load resource: net::ERR_CONNECTION_REFUSED @ http://localhost:8765/signs/175.png:0
[  113366ms] [ERROR] Failed to load resource: net::ERR_CONNECTION_REFUSED @ http://localhost:8765/signs/114.png:0
[  113374ms] [ERROR] Failed to load resource: net::ERR_CONNECTION_REFUSED @ http://localhost:8765/signs/338.png:0
[  115596ms] [ERROR] Failed to load resource: net::ERR_CONNECTION_REFUSED @ http://localhost:8765/signs/138.png:0
[  115664ms] [ERROR] Failed to load resource: net::ERR_CONNECTION_REFUSED @ http://localhost:8765/signs/265.png:0
[  115666ms] [ERROR] Failed to load resource: net::ERR_CONNECTION_REFUSED @ http://localhost:8765/signs/271.png:0
[  115717ms] [ERROR] Failed to load resource: net::ERR_CONNECTION_REFUSED @ http://localhost:8765/signs/118.png:0
[  115718ms] [ERROR] Failed to load resource: net::ERR_CONNECTION_REFUSED @ http://localhost:8765/signs/289.png:0
[  115718ms] [ERROR] Failed to load resource: net::ERR_CONNECTION_REFUSED @ http://localhost:8765/signs/123.png:0
[  117944ms] [ERROR] Failed to load resource: net::ERR_CONNECTION_REFUSED @ http://localhost:8765/signs/276.png:0
[  118010ms] [ERROR] Failed to load resource: net::ERR_CONNECTION_REFUSED @ http://localhost:8765/signs/1.png:0
[  118010ms] [ERROR] Failed to load resource: net::ERR_CONNECTION_REFUSED @ http://localhost:8765/signs/232.png:0
[  118041ms] [ERROR] Failed to load resource: net::ERR_CONNECTION_REFUSED @ http://localhost:8765/signs/134.png:0
[  118041ms] [ERROR] Failed to load resource: net::ERR_CONNECTION_REFUSED @ http://localhost:8765/signs/57.png:0
[  118041ms] [ERROR] Failed to load resource: net::ERR_CONNECTION_REFUSED @ http://localhost:8765/signs/371.png:0
[  120300ms] [ERROR] Failed to load resource: net::ERR_CONNECTION_REFUSED @ http://localhost:8765/signs/124.png:0
[  120360ms] [ERROR] Failed to load resource: net::ERR_CONNECTION_REFUSED @ http://localhost:8765/signs/366.png:0
[  120361ms] [ERROR] Failed to load resource: net::ERR_CONNECTION_REFUSED @ http://localhost:8765/signs/2.png:0
[  120405ms] [ERROR] Failed to load resource: net::ERR_CONNECTION_REFUSED @ http://localhost:8765/signs/108.png:0
[  120405ms] [ERROR] Failed to load resource: net::ERR_CONNECTION_REFUSED @ http://localhost:8765/signs/105.png:0
[  120406ms] [ERROR] Failed to load resource: net::ERR_CONNECTION_REFUSED @ http://localhost:8765/signs/376.png:0
[  122643ms] [ERROR] Failed to load resource: net::ERR_CONNECTION_REFUSED @ http://localhost:8765/signs/350.png:0
[  122722ms] [ERROR] Failed to load resource: net::ERR_CONNECTION_REFUSED @ http://localhost:8765/signs/39.png:0
[  122722ms] [ERROR] Failed to load resource: net::ERR_CONNECTION_REFUSED @ http://localhost:8765/signs/352.png:0
[  122749ms] [ERROR] Failed to load resource: net::ERR_CONNECTION_REFUSED @ http://localhost:8765/signs/353.png:0
[  122749ms] [ERROR] Failed to load resource: net::ERR_CONNECTION_REFUSED @ http://localhost:8765/signs/130.png:0
[  122750ms] [ERROR] Failed to load resource: net::ERR_CONNECTION_REFUSED @ http://localhost:8765/signs/139.png:0
[  125023ms] [ERROR] Failed to load resource: net::ERR_CONNECTION_REFUSED @ http://localhost:8765/signs/120.png:0
[  125099ms] [ERROR] Failed to load resource: net::ERR_CONNECTION_REFUSED @ http://localhost:8765/signs/27.png:0
[  125099ms] [ERROR] Failed to load resource: net::ERR_CONNECTION_REFUSED @ http://localhost:8765/signs/8.png:0
[  125099ms] [ERROR] Failed to load resource: net::ERR_CONNECTION_REFUSED @ http://localhost:8765/signs/373.png:0
[  125099ms] [ERROR] Failed to load resource: net::ERR_CONNECTION_REFUSED @ http://localhost:8765/signs/364.png:0
[  125100ms] [ERROR] Failed to load resource: net::ERR_CONNECTION_REFUSED @ http://localhost:8765/signs/102.png:0
[  127363ms] [ERROR] Failed to load resource: net::ERR_CONNECTION_REFUSED @ http://localhost:8765/signs/341.png:0
[  127433ms] [ERROR] Failed to load resource: net::ERR_CONNECTION_REFUSED @ http://localhost:8765/signs/337.png:0
[  127434ms] [ERROR] Failed to load resource: net::ERR_CONNECTION_REFUSED @ http://localhost:8765/signs/260.png:0
[  127434ms] [ERROR] Failed to load resource: net::ERR_CONNECTION_REFUSED @ http://localhost:8765/signs/15.png:0
[  127435ms] [ERROR] Failed to load resource: net::ERR_CONNECTION_REFUSED @ http://localhost:8765/signs/181.png:0
[  127436ms] [ERROR] Failed to load resource: net::ERR_CONNECTION_REFUSED @ http://localhost:8765/signs/31.png:0
[  129744ms] [ERROR] Failed to load resource: net::ERR_CONNECTION_REFUSED @ http://localhost:8765/signs/382.png:0
[  129785ms] [ERROR] Failed to load resource: net::ERR_CONNECTION_REFUSED @ http://localhost:8765/signs/119.png:0
[  129786ms] [ERROR] Failed to load resource: net::ERR_CONNECTION_REFUSED @ http://localhost:8765/signs/21.png:0
[  129786ms] [ERROR] Failed to load resource: net::ERR_CONNECTION_REFUSED @ http://localhost:8765/signs/128.png:0
[  129786ms] [ERROR] Failed to load resource: net::ERR_CONNECTION_REFUSED @ http://localhost:8765/signs/49.png:0
[  129787ms] [ERROR] Failed to load resource: net::ERR_CONNECTION_REFUSED @ http://localhost:8765/signs/50.png:0
[  132087ms] [ERROR] Failed to load resource: net::ERR_CONNECTION_REFUSED @ http://localhost:8765/signs/295.png:0
[  132147ms] [ERROR] Failed to load resource: net::ERR_CONNECTION_REFUSED @ http://localhost:8765/signs/263.png:0
[  132149ms] [ERROR] Failed to load resource: net::ERR_CONNECTION_REFUSED @ http://localhost:8765/signs/233.png:0
[  132149ms] [ERROR] Failed to load resource: net::ERR_CONNECTION_REFUSED @ http://localhost:8765/signs/38.png:0
[  132149ms] [ERROR] Failed to load resource: net::ERR_CONNECTION_REFUSED @ http://localhost:8765/signs/59.png:0
[  132149ms] [ERROR] Failed to load resource: net::ERR_CONNECTION_REFUSED @ http://localhost:8765/signs/90.png:0
[  134422ms] [ERROR] Failed to load resource: net::ERR_CONNECTION_REFUSED @ http://localhost:8765/signs/173.png:0
[  134481ms] [ERROR] Failed to load resource: net::ERR_CONNECTION_REFUSED @ http://localhost:8765/signs/133.png:0
[  134482ms] [ERROR] Failed to load resource: net::ERR_CONNECTION_REFUSED @ http://localhost:8765/signs/85.png:0
[  134483ms] [ERROR] Failed to load resource: net::ERR_CONNECTION_REFUSED @ http://localhost:8765/signs/418.png:0
[  134483ms] [ERROR] Failed to load resource: net::ERR_CONNECTION_REFUSED @ http://localhost:8765/signs/80.png:0
[  134483ms] [ERROR] Failed to load resource: net::ERR_CONNECTION_REFUSED @ http://localhost:8765/signs/179.png:0
[  136783ms] [ERROR] Failed to load resource: net::ERR_CONNECTION_REFUSED @ http://localhost:8765/signs/101.png:0
[  136810ms] [ERROR] Failed to load resource: net::ERR_CONNECTION_REFUSED @ http://localhost:8765/signs/180.png:0
[  136811ms] [ERROR] Failed to load resource: net::ERR_CONNECTION_REFUSED @ http://localhost:8765/signs/377.png:0
[  136811ms] [ERROR] Failed to load resource: net::ERR_CONNECTION_REFUSED @ http://localhost:8765/signs/60.png:0
[  136826ms] [ERROR] Failed to load resource: net::ERR_CONNECTION_REFUSED @ http://localhost:8765/signs/67.png:0
[  136826ms] [ERROR] Failed to load resource: net::ERR_CONNECTION_REFUSED @ http://localhost:8765/signs/279.png:0
[  139141ms] [ERROR] Failed to load resource: net::ERR_CONNECTION_REFUSED @ http://localhost:8765/signs/136.png:0
[  139166ms] [ERROR] Failed to load resource: net::ERR_CONNECTION_REFUSED @ http://localhost:8765/signs/32.png:0
[  139166ms] [ERROR] Failed to load resource: net::ERR_CONNECTION_REFUSED @ http://localhost:8765/signs/229.png:0
[  139166ms] [ERROR] Failed to load resource: net::ERR_CONNECTION_REFUSED @ http://localhost:8765/signs/122.png:0
[  139182ms] [ERROR] Failed to load resource: net::ERR_CONNECTION_REFUSED @ http://localhost:8765/signs/184.png:0
[  139182ms] [ERROR] Failed to load resource: net::ERR_CONNECTION_REFUSED @ http://localhost:8765/signs/24.png:0
[  141485ms] [ERROR] Failed to load resource: net::ERR_CONNECTION_REFUSED @ http://localhost:8765/signs/47.png:0
[  141508ms] [ERROR] Failed to load resource: net::ERR_CONNECTION_REFUSED @ http://localhost:8765/signs/351.png:0
[  141509ms] [ERROR] Failed to load resource: net::ERR_CONNECTION_REFUSED @ http://localhost:8765/signs/82.png:0
[  141509ms] [ERROR] Failed to load resource: net::ERR_CONNECTION_REFUSED @ http://localhost:8765/signs/81.png:0
[  141510ms] [ERROR] Failed to load resource: net::ERR_CONNECTION_REFUSED @ http://localhost:8765/signs/258.png:0
[  141510ms] [ERROR] Failed to load resource: net::ERR_CONNECTION_REFUSED @ http://localhost:8765/signs/174.png:0
[  143833ms] [ERROR] Failed to load resource: net::ERR_CONNECTION_REFUSED @ http://localhost:8765/signs/112.png:0
[  143887ms] [ERROR] Failed to load resource: net::ERR_CONNECTION_REFUSED @ http://localhost:8765/signs/103.png:0
[  143889ms] [ERROR] Failed to load resource: net::ERR_CONNECTION_REFUSED @ http://localhost:8765/signs/369.png:0
[  143890ms] [ERROR] Failed to load resource: net::ERR_CONNECTION_REFUSED @ http://localhost:8765/signs/348.png:0
[  143890ms] [ERROR] Failed to load resource: net::ERR_CONNECTION_REFUSED @ http://localhost:8765/signs/331.png:0
[  143890ms] [ERROR] Failed to load resource: net::ERR_CONNECTION_REFUSED @ http://localhost:8765/signs/264.png:0
[  146172ms] [ERROR] Failed to load resource: net::ERR_CONNECTION_REFUSED @ http://localhost:8765/signs/116.png:0
[  146234ms] [ERROR] Failed to load resource: net::ERR_CONNECTION_REFUSED @ http://localhost:8765/signs/89.png:0
[  146236ms] [ERROR] Failed to load resource: net::ERR_CONNECTION_REFUSED @ http://localhost:8765/signs/363.png:0
[  146236ms] [ERROR] Failed to load resource: net::ERR_CONNECTION_REFUSED @ http://localhost:8765/signs/96.png:0
[  146236ms] [ERROR] Failed to load resource: net::ERR_CONNECTION_REFUSED @ http://localhost:8765/signs/330.png:0
[  146236ms] [ERROR] Failed to load resource: net::ERR_CONNECTION_REFUSED @ http://localhost:8765/signs/213.png:0
[  148519ms] [ERROR] Failed to load resource: net::ERR_CONNECTION_REFUSED @ http://localhost:8765/signs/343.png:0
[  148567ms] [ERROR] Failed to load resource: net::ERR_CONNECTION_REFUSED @ http://localhost:8765/signs/270.png:0
[  148568ms] [ERROR] Failed to load resource: net::ERR_CONNECTION_REFUSED @ http://localhost:8765/signs/97.png:0
[  148568ms] [ERROR] Failed to load resource: net::ERR_CONNECTION_REFUSED @ http://localhost:8765/signs/293.png:0
[  148568ms] [ERROR] Failed to load resource: net::ERR_CONNECTION_REFUSED @ http://localhost:8765/signs/176.png:0
[  148569ms] [ERROR] Failed to load resource: net::ERR_CONNECTION_REFUSED @ http://localhost:8765/signs/321.png:0
[  150880ms] [ERROR] Failed to load resource: net::ERR_CONNECTION_REFUSED @ http://localhost:8765/signs/126.png:0
[  150888ms] [ERROR] Failed to load resource: net::ERR_CONNECTION_REFUSED @ http://localhost:8765/signs/40.png:0
[  150909ms] [ERROR] Failed to load resource: net::ERR_CONNECTION_REFUSED @ http://localhost:8765/signs/359.png:0
[  150911ms] [ERROR] Failed to load resource: net::ERR_CONNECTION_REFUSED @ http://localhost:8765/signs/367.png:0
[  150912ms] [ERROR] Failed to load resource: net::ERR_CONNECTION_REFUSED @ http://localhost:8765/signs/172.png:0
[  150912ms] [ERROR] Failed to load resource: net::ERR_CONNECTION_REFUSED @ http://localhost:8765/signs/113.png:0
[  153222ms] [ERROR] Failed to load resource: net::ERR_CONNECTION_REFUSED @ http://localhost:8765/signs/107.png:0
[  153223ms] [ERROR] Failed to load resource: net::ERR_CONNECTION_REFUSED @ http://localhost:8765/signs/397.png:0
[  153255ms] [ERROR] Failed to load resource: net::ERR_CONNECTION_REFUSED @ http://localhost:8765/signs/104.png:0
[  153256ms] [ERROR] Failed to load resource: net::ERR_CONNECTION_REFUSED @ http://localhost:8765/signs/406.png:0
[  153257ms] [ERROR] Failed to load resource: net::ERR_CONNECTION_REFUSED @ http://localhost:8765/signs/301.png:0
[  153257ms] [ERROR] Failed to load resource: net::ERR_CONNECTION_REFUSED @ http://localhost:8765/signs/199.png:0
[  155547ms] [ERROR] Failed to load resource: net::ERR_CONNECTION_REFUSED @ http://localhost:8765/signs/278.png:0
[  155548ms] [ERROR] Failed to load resource: net::ERR_CONNECTION_REFUSED @ http://localhost:8765/signs/25.png:0
[  155591ms] [ERROR] Failed to load resource: net::ERR_CONNECTION_REFUSED @ http://localhost:8765/signs/410.png:0
[  155592ms] [ERROR] Failed to load resource: net::ERR_CONNECTION_REFUSED @ http://localhost:8765/signs/275.png:0
[  155592ms] [ERROR] Failed to load resource: net::ERR_CONNECTION_REFUSED @ http://localhost:8765/signs/225.png:0
[  155603ms] [ERROR] Failed to load resource: net::ERR_CONNECTION_REFUSED @ http://localhost:8765/signs/121.png:0
[  157879ms] [ERROR] Failed to load resource: net::ERR_CONNECTION_REFUSED @ http://localhost:8765/signs/195.png:0
[  157880ms] [ERROR] Failed to load resource: net::ERR_CONNECTION_REFUSED @ http://localhost:8765/signs/209.png:0
[  157933ms] [ERROR] Failed to load resource: net::ERR_CONNECTION_REFUSED @ http://localhost:8765/signs/267.png:0
[  157936ms] [ERROR] Failed to load resource: net::ERR_CONNECTION_REFUSED @ http://localhost:8765/signs/109.png:0
[  157936ms] [ERROR] Failed to load resource: net::ERR_CONNECTION_REFUSED @ http://localhost:8765/signs/217.png:0
[  157936ms] [ERROR] Failed to load resource: net::ERR_CONNECTION_REFUSED @ http://localhost:8765/signs/255.png:0
[  160236ms] [ERROR] Failed to load resource: net::ERR_CONNECTION_REFUSED @ http://localhost:8765/signs/287.png:0
[  160236ms] [ERROR] Failed to load resource: net::ERR_CONNECTION_REFUSED @ http://localhost:8765/signs/268.png:0
[  160289ms] [ERROR] Failed to load resource: net::ERR_CONNECTION_REFUSED @ http://localhost:8765/signs/71.png:0
[  160290ms] [ERROR] Failed to load resource: net::ERR_CONNECTION_REFUSED @ http://localhost:8765/signs/106.png:0
[  160290ms] [ERROR] Failed to load resource: net::ERR_CONNECTION_REFUSED @ http://localhost:8765/signs/306.png:0
[  160290ms] [ERROR] Failed to load resource: net::ERR_CONNECTION_REFUSED @ http://localhost:8765/signs/399.png:0
[  162590ms] [ERROR] Failed to load resource: net::ERR_CONNECTION_REFUSED @ http://localhost:8765/signs/277.png:0
[  162592ms] [ERROR] Failed to load resource: net::ERR_CONNECTION_REFUSED @ http://localhost:8765/signs/269.png:0
[  162631ms] [ERROR] Failed to load resource: net::ERR_CONNECTION_REFUSED @ http://localhost:8765/signs/421.png:0
[  162632ms] [ERROR] Failed to load resource: net::ERR_CONNECTION_REFUSED @ http://localhost:8765/signs/58.png:0
[  162632ms] [ERROR] Failed to load resource: net::ERR_CONNECTION_REFUSED @ http://localhost:8765/signs/262.png:0
[  162632ms] [ERROR] Failed to load resource: net::ERR_CONNECTION_REFUSED @ http://localhost:8765/signs/274.png:0
[  164930ms] [ERROR] Failed to load resource: net::ERR_CONNECTION_REFUSED @ http://localhost:8765/signs/286.png:0
[  164931ms] [ERROR] Failed to load resource: net::ERR_CONNECTION_REFUSED @ http://localhost:8765/signs/171.png:0
[  164985ms] [ERROR] Failed to load resource: net::ERR_CONNECTION_REFUSED @ http://localhost:8765/signs/3.png:0
[  164987ms] [ERROR] Failed to load resource: net::ERR_CONNECTION_REFUSED @ http://localhost:8765/signs/23.png:0
[  164988ms] [ERROR] Failed to load resource: net::ERR_CONNECTION_REFUSED @ http://localhost:8765/signs/68.png:0
[  164988ms] [ERROR] Failed to load resource: net::ERR_CONNECTION_REFUSED @ http://localhost:8765/signs/329.png:0
[  167278ms] [ERROR] Failed to load resource: net::ERR_CONNECTION_REFUSED @ http://localhost:8765/signs/36.png:0
[  167279ms] [ERROR] Failed to load resource: net::ERR_CONNECTION_REFUSED @ http://localhost:8765/signs/334.png:0
[  167333ms] [ERROR] Failed to load resource: net::ERR_CONNECTION_REFUSED @ http://localhost:8765/signs/317.png:0
[  167335ms] [ERROR] Failed to load resource: net::ERR_CONNECTION_REFUSED @ http://localhost:8765/signs/125.png:0
[  167335ms] [ERROR] Failed to load resource: net::ERR_CONNECTION_REFUSED @ http://localhost:8765/signs/215.png:0
[  167336ms] [ERROR] Failed to load resource: net::ERR_CONNECTION_REFUSED @ http://localhost:8765/signs/246.png:0
[  169610ms] [ERROR] Failed to load resource: net::ERR_CONNECTION_REFUSED @ http://localhost:8765/signs/66.png:0
[  169611ms] [ERROR] Failed to load resource: net::ERR_CONNECTION_REFUSED @ http://localhost:8765/signs/391.png:0
[  169669ms] [ERROR] Failed to load resource: net::ERR_CONNECTION_REFUSED @ http://localhost:8765/signs/231.png:0
[  169670ms] [ERROR] Failed to load resource: net::ERR_CONNECTION_REFUSED @ http://localhost:8765/signs/323.png:0
[  169694ms] [ERROR] Failed to load resource: net::ERR_CONNECTION_REFUSED @ http://localhost:8765/signs/193.png:0
[  169694ms] [ERROR] Failed to load resource: net::ERR_CONNECTION_REFUSED @ http://localhost:8765/signs/95.png:0
[  171933ms] [ERROR] Failed to load resource: net::ERR_CONNECTION_REFUSED @ http://localhost:8765/signs/64.png:0
[  171949ms] [ERROR] Failed to load resource: net::ERR_CONNECTION_REFUSED @ http://localhost:8765/signs/335.png:0
[  172008ms] [ERROR] Failed to load resource: net::ERR_CONNECTION_REFUSED @ http://localhost:8765/signs/237.png:0
[  172008ms] [ERROR] Failed to load resource: net::ERR_CONNECTION_REFUSED @ http://localhost:8765/signs/416.png:0
[  172023ms] [ERROR] Failed to load resource: net::ERR_CONNECTION_REFUSED @ http://localhost:8765/signs/290.png:0
[  172057ms] [ERROR] Failed to load resource: net::ERR_CONNECTION_REFUSED @ http://localhost:8765/signs/201.png:0
[  174289ms] [ERROR] Failed to load resource: net::ERR_CONNECTION_REFUSED @ http://localhost:8765/signs/65.png:0
[  174290ms] [ERROR] Failed to load resource: net::ERR_CONNECTION_REFUSED @ http://localhost:8765/signs/129.png:0
[  174355ms] [ERROR] Failed to load resource: net::ERR_CONNECTION_REFUSED @ http://localhost:8765/signs/291.png:0
[  174366ms] [ERROR] Failed to load resource: net::ERR_CONNECTION_REFUSED @ http://localhost:8765/signs/220.png:0
[  174366ms] [ERROR] Failed to load resource: net::ERR_CONNECTION_REFUSED @ http://localhost:8765/signs/34.png:0
[  174421ms] [ERROR] Failed to load resource: net::ERR_CONNECTION_REFUSED @ http://localhost:8765/signs/93.png:0
[  176647ms] [ERROR] Failed to load resource: net::ERR_CONNECTION_REFUSED @ http://localhost:8765/signs/261.png:0
[  176648ms] [ERROR] Failed to load resource: net::ERR_CONNECTION_REFUSED @ http://localhost:8765/signs/228.png:0
[  176678ms] [ERROR] Failed to load resource: net::ERR_CONNECTION_REFUSED @ http://localhost:8765/signs/178.png:0
[  176694ms] [ERROR] Failed to load resource: net::ERR_CONNECTION_REFUSED @ http://localhost:8765/signs/45.png:0
[  176694ms] [ERROR] Failed to load resource: net::ERR_CONNECTION_REFUSED @ http://localhost:8765/signs/53.png:0
[  176778ms] [ERROR] Failed to load resource: net::ERR_CONNECTION_REFUSED @ http://localhost:8765/signs/110.png:0
[  178979ms] [ERROR] Failed to load resource: net::ERR_CONNECTION_REFUSED @ http://localhost:8765/signs/370.png:0
[  178980ms] [ERROR] Failed to load resource: net::ERR_CONNECTION_REFUSED @ http://localhost:8765/signs/241.png:0
[  179013ms] [ERROR] Failed to load resource: net::ERR_CONNECTION_REFUSED @ http://localhost:8765/signs/186.png:0
[  179030ms] [ERROR] Failed to load resource: net::ERR_CONNECTION_REFUSED @ http://localhost:8765/signs/46.png:0
[  179030ms] [ERROR] Failed to load resource: net::ERR_CONNECTION_REFUSED @ http://localhost:8765/signs/205.png:0
[  179110ms] [ERROR] Failed to load resource: net::ERR_CONNECTION_REFUSED @ http://localhost:8765/signs/73.png:0
[  181310ms] [ERROR] Failed to load resource: net::ERR_CONNECTION_REFUSED @ http://localhost:8765/signs/357.png:0
[  181311ms] [ERROR] Failed to load resource: net::ERR_CONNECTION_REFUSED @ http://localhost:8765/signs/131.png:0
[  181377ms] [ERROR] Failed to load resource: net::ERR_CONNECTION_REFUSED @ http://localhost:8765/signs/434.png:0
[  181379ms] [ERROR] Failed to load resource: net::ERR_CONNECTION_REFUSED @ http://localhost:8765/signs/190.png:0
[  181379ms] [ERROR] Failed to load resource: net::ERR_CONNECTION_REFUSED @ http://localhost:8765/signs/197.png:0
[  181449ms] [ERROR] Failed to load resource: net::ERR_CONNECTION_REFUSED @ http://localhost:8765/signs/234.png:0
[  183669ms] [ERROR] Failed to load resource: net::ERR_CONNECTION_REFUSED @ http://localhost:8765/signs/177.png:0
[  183669ms] [ERROR] Failed to load resource: net::ERR_CONNECTION_REFUSED @ http://localhost:8765/signs/412.png:0
[  183716ms] [ERROR] Failed to load resource: net::ERR_CONNECTION_REFUSED @ http://localhost:8765/signs/202.png:0
[  183718ms] [ERROR] Failed to load resource: net::ERR_CONNECTION_REFUSED @ http://localhost:8765/signs/137.png:0
[  183718ms] [ERROR] Failed to load resource: net::ERR_CONNECTION_REFUSED @ http://localhost:8765/signs/414.png:0
[  183810ms] [ERROR] Failed to load resource: net::ERR_CONNECTION_REFUSED @ http://localhost:8765/signs/48.png:0
[  186036ms] [ERROR] Failed to load resource: net::ERR_CONNECTION_REFUSED @ http://localhost:8765/signs/344.png:0
[  186037ms] [ERROR] Failed to load resource: net::ERR_CONNECTION_REFUSED @ http://localhost:8765/signs/417.png:0
[  186043ms] [ERROR] Failed to load resource: net::ERR_CONNECTION_REFUSED @ http://localhost:8765/signs/424.png:0
[  186046ms] [ERROR] Failed to load resource: net::ERR_CONNECTION_REFUSED @ http://localhost:8765/signs/135.png:0
[  186060ms] [ERROR] Failed to load resource: net::ERR_CONNECTION_REFUSED @ http://localhost:8765/signs/430.png:0
[  186160ms] [ERROR] Failed to load resource: net::ERR_CONNECTION_REFUSED @ http://localhost:8765/signs/381.png:0
[  188368ms] [ERROR] Failed to load resource: net::ERR_CONNECTION_REFUSED @ http://localhost:8765/signs/52.png:0
[  188370ms] [ERROR] Failed to load resource: net::ERR_CONNECTION_REFUSED @ http://localhost:8765/signs/188.png:0
[  188370ms] [ERROR] Failed to load resource: net::ERR_CONNECTION_REFUSED @ http://localhost:8765/signs/75.png:0
[  188401ms] [ERROR] Failed to load resource: net::ERR_CONNECTION_REFUSED @ http://localhost:8765/signs/214.png:0
[  188402ms] [ERROR] Failed to load resource: net::ERR_CONNECTION_REFUSED @ http://localhost:8765/signs/238.png:0
[  188521ms] [ERROR] Failed to load resource: net::ERR_CONNECTION_REFUSED @ http://localhost:8765/signs/63.png:0
[  190706ms] [ERROR] Failed to load resource: net::ERR_CONNECTION_REFUSED @ http://localhost:8765/signs/280.png:0
[  190708ms] [ERROR] Failed to load resource: net::ERR_CONNECTION_REFUSED @ http://localhost:8765/signs/283.png:0
[  190708ms] [ERROR] Failed to load resource: net::ERR_CONNECTION_REFUSED @ http://localhost:8765/signs/413.png:0
[  190742ms] [ERROR] Failed to load resource: net::ERR_CONNECTION_REFUSED @ http://localhost:8765/signs/282.png:0
[  190743ms] [ERROR] Failed to load resource: net::ERR_CONNECTION_REFUSED @ http://localhost:8765/signs/342.png:0
[  190872ms] [ERROR] Failed to load resource: net::ERR_CONNECTION_REFUSED @ http://localhost:8765/signs/347.png:0
[  193055ms] [ERROR] Failed to load resource: net::ERR_CONNECTION_REFUSED @ http://localhost:8765/signs/401.png:0
[  193066ms] [ERROR] Failed to load resource: net::ERR_CONNECTION_REFUSED @ http://localhost:8765/signs/33.png:0
[  193066ms] [ERROR] Failed to load resource: net::ERR_CONNECTION_REFUSED @ http://localhost:8765/signs/62.png:0
[  193076ms] [ERROR] Failed to load resource: net::ERR_CONNECTION_REFUSED @ http://localhost:8765/signs/372.png:0
[  193076ms] [ERROR] Failed to load resource: net::ERR_CONNECTION_REFUSED @ http://localhost:8765/signs/384.png:0
[  193203ms] [ERROR] Failed to load resource: net::ERR_CONNECTION_REFUSED @ http://localhost:8765/signs/4.png:0
[  195402ms] [ERROR] Failed to load resource: net::ERR_CONNECTION_REFUSED @ http://localhost:8765/signs/51.png:0
[  195424ms] [ERROR] Failed to load resource: net::ERR_CONNECTION_REFUSED @ http://localhost:8765/signs/250.png:0
[  195426ms] [ERROR] Failed to load resource: net::ERR_CONNECTION_REFUSED @ http://localhost:8765/signs/117.png:0
[  195427ms] [ERROR] Failed to load resource: net::ERR_CONNECTION_REFUSED @ http://localhost:8765/signs/111.png:0
[  195427ms] [ERROR] Failed to load resource: net::ERR_CONNECTION_REFUSED @ http://localhost:8765/signs/326.png:0
[  195524ms] [ERROR] Failed to load resource: net::ERR_CONNECTION_REFUSED @ http://localhost:8765/signs/216.png:0
[  197782ms] [ERROR] Failed to load resource: net::ERR_CONNECTION_REFUSED @ http://localhost:8765/signs/88.png:0
[  197793ms] [ERROR] Failed to load resource: net::ERR_CONNECTION_REFUSED @ http://localhost:8765/signs/183.png:0
[  197794ms] [ERROR] Failed to load resource: net::ERR_CONNECTION_REFUSED @ http://localhost:8765/signs/194.png:0
[  197794ms] [ERROR] Failed to load resource: net::ERR_CONNECTION_REFUSED @ http://localhost:8765/signs/196.png:0
[  197794ms] [ERROR] Failed to load resource: net::ERR_CONNECTION_REFUSED @ http://localhost:8765/signs/272.png:0
[  197889ms] [ERROR] Failed to load resource: net::ERR_CONNECTION_REFUSED @ http://localhost:8765/signs/187.png:0
[  200120ms] [ERROR] Failed to load resource: net::ERR_CONNECTION_REFUSED @ http://localhost:8765/signs/218.png:0
[  200147ms] [ERROR] Failed to load resource: net::ERR_CONNECTION_REFUSED @ http://localhost:8765/signs/318.png:0
[  200148ms] [ERROR] Failed to load resource: net::ERR_CONNECTION_REFUSED @ http://localhost:8765/signs/285.png:0
[  200154ms] [ERROR] Failed to load resource: net::ERR_CONNECTION_REFUSED @ http://localhost:8765/signs/198.png:0
[  200155ms] [ERROR] Failed to load resource: net::ERR_CONNECTION_REFUSED @ http://localhost:8765/signs/365.png:0
[  200229ms] [ERROR] Failed to load resource: net::ERR_CONNECTION_REFUSED @ http://localhost:8765/signs/203.png:0
[  202478ms] [ERROR] Failed to load resource: net::ERR_CONNECTION_REFUSED @ http://localhost:8765/signs/5.png:0
[  202505ms] [ERROR] Failed to load resource: net::ERR_CONNECTION_REFUSED @ http://localhost:8765/signs/433.png:0
[  202507ms] [ERROR] Failed to load resource: net::ERR_CONNECTION_REFUSED @ http://localhost:8765/signs/22.png:0
[  202507ms] [ERROR] Failed to load resource: net::ERR_CONNECTION_REFUSED @ http://localhost:8765/signs/320.png:0
[  202508ms] [ERROR] Failed to load resource: net::ERR_CONNECTION_REFUSED @ http://localhost:8765/signs/6.png:0
[  202568ms] [ERROR] Failed to load resource: net::ERR_CONNECTION_REFUSED @ http://localhost:8765/signs/309.png:0
[  204827ms] [ERROR] Failed to load resource: net::ERR_CONNECTION_REFUSED @ http://localhost:8765/signs/94.png:0
[  204839ms] [ERROR] Failed to load resource: net::ERR_CONNECTION_REFUSED @ http://localhost:8765/signs/79.png:0
[  204849ms] [ERROR] Failed to load resource: net::ERR_CONNECTION_REFUSED @ http://localhost:8765/signs/409.png:0
[  204857ms] [ERROR] Failed to load resource: net::ERR_CONNECTION_REFUSED @ http://localhost:8765/signs/375.png:0
[  204858ms] [ERROR] Failed to load resource: net::ERR_CONNECTION_REFUSED @ http://localhost:8765/signs/12.png:0
[  204916ms] [ERROR] Failed to load resource: net::ERR_CONNECTION_REFUSED @ http://localhost:8765/signs/248.png:0
[  207191ms] [ERROR] Failed to load resource: net::ERR_CONNECTION_REFUSED @ http://localhost:8765/signs/13.png:0
[  207192ms] [ERROR] Failed to load resource: net::ERR_CONNECTION_REFUSED @ http://localhost:8765/signs/349.png:0
[  207192ms] [ERROR] Failed to load resource: net::ERR_CONNECTION_REFUSED @ http://localhost:8765/signs/325.png:0
[  207213ms] [ERROR] Failed to load resource: net::ERR_CONNECTION_REFUSED @ http://localhost:8765/signs/91.png:0
[  207214ms] [ERROR] Failed to load resource: net::ERR_CONNECTION_REFUSED @ http://localhost:8765/signs/358.png:0
[  207247ms] [ERROR] Failed to load resource: net::ERR_CONNECTION_REFUSED @ http://localhost:8765/signs/35.png:0
[  209541ms] [ERROR] Failed to load resource: net::ERR_CONNECTION_REFUSED @ http://localhost:8765/signs/294.png:0
[  209542ms] [ERROR] Failed to load resource: net::ERR_CONNECTION_REFUSED @ http://localhost:8765/signs/354.png:0
[  209542ms] [ERROR] Failed to load resource: net::ERR_CONNECTION_REFUSED @ http://localhost:8765/signs/336.png:0
[  209553ms] [ERROR] Failed to load resource: net::ERR_CONNECTION_REFUSED @ http://localhost:8765/signs/240.png:0
[  209553ms] [ERROR] Failed to load resource: net::ERR_CONNECTION_REFUSED @ http://localhost:8765/signs/402.png:0
[  209578ms] [ERROR] Failed to load resource: net::ERR_CONNECTION_REFUSED @ http://localhost:8765/signs/61.png:0
[  211879ms] [ERROR] Failed to load resource: net::ERR_CONNECTION_REFUSED @ http://localhost:8765/signs/10.png:0
[  211880ms] [ERROR] Failed to load resource: net::ERR_CONNECTION_REFUSED @ http://localhost:8765/signs/252.png:0
[  211881ms] [ERROR] Failed to load resource: net::ERR_CONNECTION_REFUSED @ http://localhost:8765/signs/100.png:0
[  211902ms] [ERROR] Failed to load resource: net::ERR_CONNECTION_REFUSED @ http://localhost:8765/signs/328.png:0
[  211903ms] [ERROR] Failed to load resource: net::ERR_CONNECTION_REFUSED @ http://localhost:8765/signs/29.png:0
[  211952ms] [ERROR] Failed to load resource: net::ERR_CONNECTION_REFUSED @ http://localhost:8765/signs/368.png:0
[  214227ms] [ERROR] Failed to load resource: net::ERR_CONNECTION_REFUSED @ http://localhost:8765/signs/14.png:0
[  214228ms] [ERROR] Failed to load resource: net::ERR_CONNECTION_REFUSED @ http://localhost:8765/signs/415.png:0
[  214228ms] [ERROR] Failed to load resource: net::ERR_CONNECTION_REFUSED @ http://localhost:8765/signs/253.png:0
[  214239ms] [ERROR] Failed to load resource: net::ERR_CONNECTION_REFUSED @ http://localhost:8765/signs/69.png:0
[  214239ms] [ERROR] Failed to load resource: net::ERR_CONNECTION_REFUSED @ http://localhost:8765/signs/41.png:0
[  214286ms] [ERROR] Failed to load resource: net::ERR_CONNECTION_REFUSED @ http://localhost:8765/signs/44.png:0
[  216566ms] [ERROR] Failed to load resource: net::ERR_CONNECTION_REFUSED @ http://localhost:8765/signs/388.png:0
[  216567ms] [ERROR] Failed to load resource: net::ERR_CONNECTION_REFUSED @ http://localhost:8765/signs/273.png:0
[  216568ms] [ERROR] Failed to load resource: net::ERR_CONNECTION_REFUSED @ http://localhost:8765/signs/297.png:0
[  216587ms] [ERROR] Failed to load resource: net::ERR_CONNECTION_REFUSED @ http://localhost:8765/signs/87.png:0
[  216587ms] [ERROR] Failed to load resource: net::ERR_CONNECTION_REFUSED @ http://localhost:8765/signs/86.png:0
[  216645ms] [ERROR] Failed to load resource: net::ERR_CONNECTION_REFUSED @ http://localhost:8765/signs/408.png:0
[  218904ms] [ERROR] Failed to load resource: net::ERR_CONNECTION_REFUSED @ http://localhost:8765/signs/18.png:0
[  218905ms] [ERROR] Failed to load resource: net::ERR_CONNECTION_REFUSED @ http://localhost:8765/signs/385.png:0
[  218905ms] [ERROR] Failed to load resource: net::ERR_CONNECTION_REFUSED @ http://localhost:8765/signs/9.png:0
[  218918ms] [ERROR] Failed to load resource: net::ERR_CONNECTION_REFUSED @ http://localhost:8765/signs/405.png:0
[  218919ms] [ERROR] Failed to load resource: net::ERR_CONNECTION_REFUSED @ http://localhost:8765/signs/362.png:0
[  218991ms] [ERROR] Failed to load resource: net::ERR_CONNECTION_REFUSED @ http://localhost:8765/signs/77.png:0
[  221261ms] [ERROR] Failed to load resource: net::ERR_CONNECTION_REFUSED @ http://localhost:8765/signs/30.png:0
[  221263ms] [ERROR] Failed to load resource: net::ERR_CONNECTION_REFUSED @ http://localhost:8765/signs/296.png:0
[  221263ms] [ERROR] Failed to load resource: net::ERR_CONNECTION_REFUSED @ http://localhost:8765/signs/404.png:0
[  221263ms] [ERROR] Failed to load resource: net::ERR_CONNECTION_REFUSED @ http://localhost:8765/signs/98.png:0
[  221263ms] [ERROR] Failed to load resource: net::ERR_CONNECTION_REFUSED @ http://localhost:8765/signs/355.png:0
[  221341ms] [ERROR] Failed to load resource: net::ERR_CONNECTION_REFUSED @ http://localhost:8765/signs/386.png:0
[  223609ms] [ERROR] Failed to load resource: net::ERR_CONNECTION_REFUSED @ http://localhost:8765/signs/37.png:0
[  223613ms] [ERROR] Failed to load resource: net::ERR_CONNECTION_REFUSED @ http://localhost:8765/signs/314.png:0
[  223613ms] [ERROR] Failed to load resource: net::ERR_CONNECTION_REFUSED @ http://localhost:8765/signs/92.png:0
[  223613ms] [ERROR] Failed to load resource: net::ERR_CONNECTION_REFUSED @ http://localhost:8765/signs/322.png:0
[  223613ms] [ERROR] Failed to load resource: net::ERR_CONNECTION_REFUSED @ http://localhost:8765/signs/420.png:0
[  223713ms] [ERROR] Failed to load resource: net::ERR_CONNECTION_REFUSED @ http://localhost:8765/signs/28.png:0
[  225967ms] [ERROR] Failed to load resource: net::ERR_CONNECTION_REFUSED @ http://localhost:8765/signs/78.png:0
[  225970ms] [ERROR] Failed to load resource: net::ERR_CONNECTION_REFUSED @ http://localhost:8765/signs/379.png:0
[  225970ms] [ERROR] Failed to load resource: net::ERR_CONNECTION_REFUSED @ http://localhost:8765/signs/395.png:0
[  225970ms] [ERROR] Failed to load resource: net::ERR_CONNECTION_REFUSED @ http://localhost:8765/signs/16.png:0
[  225971ms] [ERROR] Failed to load resource: net::ERR_CONNECTION_REFUSED @ http://localhost:8765/signs/345.png:0
[  226067ms] [ERROR] Failed to load resource: net::ERR_CONNECTION_REFUSED @ http://localhost:8765/signs/319.png:0
[  228321ms] [ERROR] Failed to load resource: net::ERR_CONNECTION_REFUSED @ http://localhost:8765/signs/99.png:0
[  228322ms] [ERROR] Failed to load resource: net::ERR_CONNECTION_REFUSED @ http://localhost:8765/signs/208.png:0
[  228322ms] [ERROR] Failed to load resource: net::ERR_CONNECTION_REFUSED @ http://localhost:8765/signs/26.png:0
[  228323ms] [ERROR] Failed to load resource: net::ERR_CONNECTION_REFUSED @ http://localhost:8765/signs/219.png:0
[  228323ms] [ERROR] Failed to load resource: net::ERR_CONNECTION_REFUSED @ http://localhost:8765/signs/332.png:0
[  228425ms] [ERROR] Failed to load resource: net::ERR_CONNECTION_REFUSED @ http://localhost:8765/signs/300.png:0
[  230657ms] [ERROR] Failed to load resource: net::ERR_CONNECTION_REFUSED @ http://localhost:8765/signs/11.png:0
[  230677ms] [ERROR] Failed to load resource: net::ERR_CONNECTION_REFUSED @ http://localhost:8765/signs/54.png:0
[  230678ms] [ERROR] Failed to load resource: net::ERR_CONNECTION_REFUSED @ http://localhost:8765/signs/403.png:0
[  230678ms] [ERROR] Failed to load resource: net::ERR_CONNECTION_REFUSED @ http://localhost:8765/signs/411.png:0
[  230678ms] [ERROR] Failed to load resource: net::ERR_CONNECTION_REFUSED @ http://localhost:8765/signs/356.png:0
[  230774ms] [ERROR] Failed to load resource: net::ERR_CONNECTION_REFUSED @ http://localhost:8765/signs/227.png:0
[  232997ms] [ERROR] Failed to load resource: net::ERR_CONNECTION_REFUSED @ http://localhost:8765/signs/182.png:0
[  233025ms] [ERROR] Failed to load resource: net::ERR_CONNECTION_REFUSED @ http://localhost:8765/signs/302.png:0
[  233026ms] [ERROR] Failed to load resource: net::ERR_CONNECTION_REFUSED @ http://localhost:8765/signs/200.png:0
[  233026ms] [ERROR] Failed to load resource: net::ERR_CONNECTION_REFUSED @ http://localhost:8765/signs/303.png:0
[  233026ms] [ERROR] Failed to load resource: net::ERR_CONNECTION_REFUSED @ http://localhost:8765/signs/305.png:0
[  233112ms] [ERROR] Failed to load resource: net::ERR_CONNECTION_REFUSED @ http://localhost:8765/signs/428.png:0
[  235344ms] [ERROR] Failed to load resource: net::ERR_CONNECTION_REFUSED @ http://localhost:8765/signs/346.png:0
[  235395ms] [ERROR] Failed to load resource: net::ERR_CONNECTION_REFUSED @ http://localhost:8765/signs/313.png:0
[  235397ms] [ERROR] Failed to load resource: net::ERR_CONNECTION_REFUSED @ http://localhost:8765/signs/83.png:0
[  235397ms] [ERROR] Failed to load resource: net::ERR_CONNECTION_REFUSED @ http://localhost:8765/signs/374.png:0
[  235397ms] [ERROR] Failed to load resource: net::ERR_CONNECTION_REFUSED @ http://localhost:8765/signs/333.png:0
[  235455ms] [ERROR] Failed to load resource: net::ERR_CONNECTION_REFUSED @ http://localhost:8765/signs/292.png:0
[  237706ms] [ERROR] Failed to load resource: net::ERR_CONNECTION_REFUSED @ http://localhost:8765/signs/308.png:0
[  237738ms] [ERROR] Failed to load resource: net::ERR_CONNECTION_REFUSED @ http://localhost:8765/signs/7.png:0
[  237754ms] [ERROR] Failed to load resource: net::ERR_CONNECTION_REFUSED @ http://localhost:8765/signs/74.png:0
[  237767ms] [ERROR] Failed to load resource: net::ERR_CONNECTION_REFUSED @ http://localhost:8765/signs/423.png:0
[  237767ms] [ERROR] Failed to load resource: net::ERR_CONNECTION_REFUSED @ http://localhost:8765/signs/327.png:0
[  237802ms] [ERROR] Failed to load resource: net::ERR_CONNECTION_REFUSED @ http://localhost:8765/signs/20.png:0
[  240076ms] [ERROR] Failed to load resource: net::ERR_CONNECTION_REFUSED @ http://localhost:8765/signs/70.png:0
[  240076ms] [ERROR] Failed to load resource: net::ERR_CONNECTION_REFUSED @ http://localhost:8765/signs/400.png:0
[  240098ms] [ERROR] Failed to load resource: net::ERR_CONNECTION_REFUSED @ http://localhost:8765/signs/419.png:0
[  240108ms] [ERROR] Failed to load resource: net::ERR_CONNECTION_REFUSED @ http://localhost:8765/signs/312.png:0
[  240109ms] [ERROR] Failed to load resource: net::ERR_CONNECTION_REFUSED @ http://localhost:8765/signs/407.png:0
[  240165ms] [ERROR] Failed to load resource: net::ERR_CONNECTION_REFUSED @ http://localhost:8765/signs/42.png:0
[  242433ms] [ERROR] Failed to load resource: net::ERR_CONNECTION_REFUSED @ http://localhost:8765/signs/360.png:0
[  242433ms] [ERROR] Failed to load resource: net::ERR_CONNECTION_REFUSED @ http://localhost:8765/signs/429.png:0
[  242444ms] [ERROR] Failed to load resource: net::ERR_CONNECTION_REFUSED @ http://localhost:8765/signs/84.png:0
[  242462ms] [ERROR] Failed to load resource: net::ERR_CONNECTION_REFUSED @ http://localhost:8765/signs/425.png:0
[  242463ms] [ERROR] Failed to load resource: net::ERR_CONNECTION_REFUSED @ http://localhost:8765/signs/55.png:0
[  242504ms] [ERROR] Failed to load resource: net::ERR_CONNECTION_REFUSED @ http://localhost:8765/signs/361.png:0
[  244781ms] [ERROR] Failed to load resource: net::ERR_CONNECTION_REFUSED @ http://localhost:8765/signs/378.png:0
[  244782ms] [ERROR] Failed to load resource: net::ERR_CONNECTION_REFUSED @ http://localhost:8765/signs/396.png:0
[  244782ms] [ERROR] Failed to load resource: net::ERR_CONNECTION_REFUSED @ http://localhost:8765/signs/380.png:0
[  244812ms] [ERROR] Failed to load resource: net::ERR_CONNECTION_REFUSED @ http://localhost:8765/signs/426.png:0
[  244813ms] [ERROR] Failed to load resource: net::ERR_CONNECTION_REFUSED @ http://localhost:8765/signs/56.png:0
[  244858ms] [ERROR] Failed to load resource: net::ERR_CONNECTION_REFUSED @ http://localhost:8765/signs/223.png:0
[  247113ms] [ERROR] Failed to load resource: net::ERR_CONNECTION_REFUSED @ http://localhost:8765/signs/247.png:0
[  247115ms] [ERROR] Failed to load resource: net::ERR_CONNECTION_REFUSED @ http://localhost:8765/signs/76.png:0
[  247115ms] [ERROR] Failed to load resource: net::ERR_CONNECTION_REFUSED @ http://localhost:8765/signs/185.png:0
[  247164ms] [ERROR] Failed to load resource: net::ERR_CONNECTION_REFUSED @ http://localhost:8765/signs/212.png:0
[  247168ms] [ERROR] Failed to load resource: net::ERR_CONNECTION_REFUSED @ http://localhost:8765/signs/192.png:0
[  247207ms] [ERROR] Failed to load resource: net::ERR_CONNECTION_REFUSED @ http://localhost:8765/signs/206.png:0
[  249477ms] [ERROR] Failed to load resource: net::ERR_CONNECTION_REFUSED @ http://localhost:8765/signs/189.png:0
[  249478ms] [ERROR] Failed to load resource: net::ERR_CONNECTION_REFUSED @ http://localhost:8765/signs/230.png:0
[  249478ms] [ERROR] Failed to load resource: net::ERR_CONNECTION_REFUSED @ http://localhost:8765/signs/211.png:0
[  249513ms] [ERROR] Failed to load resource: net::ERR_CONNECTION_REFUSED @ http://localhost:8765/signs/204.png:0
[  249514ms] [ERROR] Failed to load resource: net::ERR_CONNECTION_REFUSED @ http://localhost:8765/signs/207.png:0
[  249528ms] [ERROR] Failed to load resource: net::ERR_CONNECTION_REFUSED @ http://localhost:8765/signs/210.png:0
[  251811ms] [ERROR] Failed to load resource: net::ERR_CONNECTION_REFUSED @ http://localhost:8765/signs/132.png:0
[  251816ms] [ERROR] Failed to load resource: net::ERR_CONNECTION_REFUSED @ http://localhost:8765/signs/191.png:0
[  251816ms] [ERROR] Failed to load resource: net::ERR_CONNECTION_REFUSED @ http://localhost:8765/signs/72.png:0
